Archive member included to satisfy reference by file (symbol)

e:/stm32cudemx_tool/gcc-arm-none-eabi-10.3-2021.10/bin/../lib/gcc/arm-none-eabi/10.3.1/thumb/v7e-m+fp/hard\libgcc.a(_aeabi_uldivmod.o)
                              CMakeFiles/STM32_freeRTOS.elf.dir/Drivers/STM32F4xx_HAL_Driver/Src/stm32f4xx_hal_rcc.c.obj (__aeabi_uldivmod)
e:/stm32cudemx_tool/gcc-arm-none-eabi-10.3-2021.10/bin/../lib/gcc/arm-none-eabi/10.3.1/thumb/v7e-m+fp/hard\libgcc.a(_udivmoddi4.o)
                              e:/stm32cudemx_tool/gcc-arm-none-eabi-10.3-2021.10/bin/../lib/gcc/arm-none-eabi/10.3.1/thumb/v7e-m+fp/hard\libgcc.a(_aeabi_uldivmod.o) (__udivmoddi4)
e:/stm32cudemx_tool/gcc-arm-none-eabi-10.3-2021.10/bin/../lib/gcc/arm-none-eabi/10.3.1/thumb/v7e-m+fp/hard\libgcc.a(_dvmd_tls.o)
                              e:/stm32cudemx_tool/gcc-arm-none-eabi-10.3-2021.10/bin/../lib/gcc/arm-none-eabi/10.3.1/thumb/v7e-m+fp/hard\libgcc.a(_aeabi_uldivmod.o) (__aeabi_ldiv0)
e:/stm32cudemx_tool/gcc-arm-none-eabi-10.3-2021.10/bin/../lib/gcc/arm-none-eabi/10.3.1/../../../../arm-none-eabi/lib/thumb/v7e-m+fp/hard\libg.a(lib_a-errno.o)
                              CMakeFiles/STM32_freeRTOS.elf.dir/Core/Src/syscalls.c.obj (__errno)
e:/stm32cudemx_tool/gcc-arm-none-eabi-10.3-2021.10/bin/../lib/gcc/arm-none-eabi/10.3.1/../../../../arm-none-eabi/lib/thumb/v7e-m+fp/hard\libg.a(lib_a-exit.o)
                              e:/stm32cudemx_tool/gcc-arm-none-eabi-10.3-2021.10/bin/../lib/gcc/arm-none-eabi/10.3.1/../../../../arm-none-eabi/lib/thumb/v7e-m+fp/hard/crt0.o (exit)
e:/stm32cudemx_tool/gcc-arm-none-eabi-10.3-2021.10/bin/../lib/gcc/arm-none-eabi/10.3.1/../../../../arm-none-eabi/lib/thumb/v7e-m+fp/hard\libg.a(lib_a-impure.o)
                              e:/stm32cudemx_tool/gcc-arm-none-eabi-10.3-2021.10/bin/../lib/gcc/arm-none-eabi/10.3.1/../../../../arm-none-eabi/lib/thumb/v7e-m+fp/hard\libg.a(lib_a-exit.o) (_global_impure_ptr)
e:/stm32cudemx_tool/gcc-arm-none-eabi-10.3-2021.10/bin/../lib/gcc/arm-none-eabi/10.3.1/../../../../arm-none-eabi/lib/thumb/v7e-m+fp/hard\libg.a(lib_a-init.o)
                              e:/stm32cudemx_tool/gcc-arm-none-eabi-10.3-2021.10/bin/../lib/gcc/arm-none-eabi/10.3.1/../../../../arm-none-eabi/lib/thumb/v7e-m+fp/hard/crt0.o (__libc_init_array)
e:/stm32cudemx_tool/gcc-arm-none-eabi-10.3-2021.10/bin/../lib/gcc/arm-none-eabi/10.3.1/../../../../arm-none-eabi/lib/thumb/v7e-m+fp/hard\libg.a(lib_a-malloc.o)
                              CMakeFiles/STM32_freeRTOS.elf.dir/Comunication/fifo.c.obj (malloc)
e:/stm32cudemx_tool/gcc-arm-none-eabi-10.3-2021.10/bin/../lib/gcc/arm-none-eabi/10.3.1/../../../../arm-none-eabi/lib/thumb/v7e-m+fp/hard\libg.a(lib_a-mallocr.o)
                              e:/stm32cudemx_tool/gcc-arm-none-eabi-10.3-2021.10/bin/../lib/gcc/arm-none-eabi/10.3.1/../../../../arm-none-eabi/lib/thumb/v7e-m+fp/hard\libg.a(lib_a-malloc.o) (_malloc_r)
e:/stm32cudemx_tool/gcc-arm-none-eabi-10.3-2021.10/bin/../lib/gcc/arm-none-eabi/10.3.1/../../../../arm-none-eabi/lib/thumb/v7e-m+fp/hard\libg.a(lib_a-memcpy.o)
                              CMakeFiles/STM32_freeRTOS.elf.dir/Middlewares/Third_Party/FreeRTOS/Source/queue.c.obj (memcpy)
e:/stm32cudemx_tool/gcc-arm-none-eabi-10.3-2021.10/bin/../lib/gcc/arm-none-eabi/10.3.1/../../../../arm-none-eabi/lib/thumb/v7e-m+fp/hard\libg.a(lib_a-memset.o)
                              e:/stm32cudemx_tool/gcc-arm-none-eabi-10.3-2021.10/bin/../lib/gcc/arm-none-eabi/10.3.1/../../../../arm-none-eabi/lib/thumb/v7e-m+fp/hard/crt0.o (memset)
e:/stm32cudemx_tool/gcc-arm-none-eabi-10.3-2021.10/bin/../lib/gcc/arm-none-eabi/10.3.1/../../../../arm-none-eabi/lib/thumb/v7e-m+fp/hard\libg.a(lib_a-mlock.o)
                              e:/stm32cudemx_tool/gcc-arm-none-eabi-10.3-2021.10/bin/../lib/gcc/arm-none-eabi/10.3.1/../../../../arm-none-eabi/lib/thumb/v7e-m+fp/hard\libg.a(lib_a-mallocr.o) (__malloc_lock)
e:/stm32cudemx_tool/gcc-arm-none-eabi-10.3-2021.10/bin/../lib/gcc/arm-none-eabi/10.3.1/../../../../arm-none-eabi/lib/thumb/v7e-m+fp/hard\libg.a(lib_a-sbrkr.o)
                              e:/stm32cudemx_tool/gcc-arm-none-eabi-10.3-2021.10/bin/../lib/gcc/arm-none-eabi/10.3.1/../../../../arm-none-eabi/lib/thumb/v7e-m+fp/hard\libg.a(lib_a-mallocr.o) (_sbrk_r)
e:/stm32cudemx_tool/gcc-arm-none-eabi-10.3-2021.10/bin/../lib/gcc/arm-none-eabi/10.3.1/../../../../arm-none-eabi/lib/thumb/v7e-m+fp/hard\libg.a(lib_a-strlen.o)
                              CMakeFiles/STM32_freeRTOS.elf.dir/Middlewares/Third_Party/FreeRTOS/Source/tasks.c.obj (strlen)
e:/stm32cudemx_tool/gcc-arm-none-eabi-10.3-2021.10/bin/../lib/gcc/arm-none-eabi/10.3.1/../../../../arm-none-eabi/lib/thumb/v7e-m+fp/hard\libg.a(lib_a-__call_atexit.o)
                              e:/stm32cudemx_tool/gcc-arm-none-eabi-10.3-2021.10/bin/../lib/gcc/arm-none-eabi/10.3.1/../../../../arm-none-eabi/lib/thumb/v7e-m+fp/hard\libg.a(lib_a-exit.o) (__call_exitprocs)
[...]
Memory Configuration

Name             Origin             Length             Attributes
CCMRAM           0x10000000         0x00010000         xrw
RAM              0x20000000         0x00020000         xrw
FLASH            0x08000000         0x00100000         xr
*default*        0x00000000         0xffffffff

Linker script and memory map

LOAD e:/stm32cudemx_tool/gcc-arm-none-eabi-10.3-2021.10/bin/../lib/gcc/arm-none-eabi/10.3.1/thumb/v7e-m+fp/hard/crti.o
LOAD e:/stm32cudemx_tool/gcc-arm-none-eabi-10.3-2021.10/bin/../lib/gcc/arm-none-eabi/10.3.1/thumb/v7e-m+fp/hard/crtbegin.o
LOAD e:/stm32cudemx_tool/gcc-arm-none-eabi-10.3-2021.10/bin/../lib/gcc/arm-none-eabi/10.3.1/../../../../arm-none-eabi/lib/thumb/v7e-m+fp/hard/crt0.o
LOAD CMakeFiles/STM32_freeRTOS.elf.dir/Core/Src/can.c.obj
LOAD CMakeFiles/STM32_freeRTOS.elf.dir/Core/Src/crc.c.obj
LOAD CMakeFiles/STM32_freeRTOS.elf.dir/Core/Src/dma.c.obj
LOAD CMakeFiles/STM32_freeRTOS.elf.dir/Core/Src/freertos.c.obj
LOAD CMakeFiles/STM32_freeRTOS.elf.dir/Core/Src/gpio.c.obj
LOAD CMakeFiles/STM32_freeRTOS.elf.dir/Core/Src/main.c.obj
LOAD CMakeFiles/STM32_freeRTOS.elf.dir/Core/Src/stm32f4xx_hal_msp.c.obj
LOAD CMakeFiles/STM32_freeRTOS.elf.dir/Core/Src/stm32f4xx_it.c.obj
LOAD CMakeFiles/STM32_freeRTOS.elf.dir/Core/Src/syscalls.c.obj
LOAD CMakeFiles/STM32_freeRTOS.elf.dir/Core/Src/sysmem.c.obj
LOAD CMakeFiles/STM32_freeRTOS.elf.dir/Core/Src/system_stm32f4xx.c.obj
LOAD CMakeFiles/STM32_freeRTOS.elf.dir/Core/Src/tim.c.obj
LOAD CMakeFiles/STM32_freeRTOS.elf.dir/Core/Src/usart.c.obj
LOAD CMakeFiles/STM32_freeRTOS.elf.dir/Core/Startup/startup_stm32f407ighx.s.obj
LOAD CMakeFiles/STM32_freeRTOS.elf.dir/Drivers/STM32F4xx_HAL_Driver/Src/stm32f4xx_hal.c.obj
LOAD CMakeFiles/STM32_freeRTOS.elf.dir/Drivers/STM32F4xx_HAL_Driver/Src/stm32f4xx_hal_can.c.obj
LOAD CMakeFiles/STM32_freeRTOS.elf.dir/Drivers/STM32F4xx_HAL_Driver/Src/stm32f4xx_hal_cortex.c.obj
LOAD CMakeFiles/STM32_freeRTOS.elf.dir/Drivers/STM32F4xx_HAL_Driver/Src/stm32f4xx_hal_crc.c.obj
LOAD CMakeFiles/STM32_freeRTOS.elf.dir/Drivers/STM32F4xx_HAL_Driver/Src/stm32f4xx_hal_dma.c.obj
LOAD CMakeFiles/STM32_freeRTOS.elf.dir/Drivers/STM32F4xx_HAL_Driver/Src/stm32f4xx_hal_dma_ex.c.obj
LOAD CMakeFiles/STM32_freeRTOS.elf.dir/Drivers/STM32F4xx_HAL_Driver/Src/stm32f4xx_hal_exti.c.obj
LOAD CMakeFiles/STM32_freeRTOS.elf.dir/Drivers/STM32F4xx_HAL_Driver/Src/stm32f4xx_hal_flash.c.obj
LOAD CMakeFiles/STM32_freeRTOS.elf.dir/Drivers/STM32F4xx_HAL_Driver/Src/stm32f4xx_hal_flash_ex.c.obj
LOAD CMakeFiles/STM32_freeRTOS.elf.dir/Drivers/STM32F4xx_HAL_Driver/Src/stm32f4xx_hal_flash_ramfunc.c.obj
LOAD CMakeFiles/STM32_freeRTOS.elf.dir/Drivers/STM32F4xx_HAL_Driver/Src/stm32f4xx_hal_gpio.c.obj
LOAD CMakeFiles/STM32_freeRTOS.elf.dir/Drivers/STM32F4xx_HAL_Driver/Src/stm32f4xx_hal_pcd.c.obj
LOAD CMakeFiles/STM32_freeRTOS.elf.dir/Drivers/STM32F4xx_HAL_Driver/Src/stm32f4xx_hal_pcd_ex.c.obj
LOAD CMakeFiles/STM32_freeRTOS.elf.dir/Drivers/STM32F4xx_HAL_Driver/Src/stm32f4xx_hal_pwr.c.obj
LOAD CMakeFiles/STM32_freeRTOS.elf.dir/Drivers/STM32F4xx_HAL_Driver/Src/stm32f4xx_hal_pwr_ex.c.obj
LOAD CMakeFiles/STM32_freeRTOS.elf.dir/Drivers/STM32F4xx_HAL_Driver/Src/stm32f4xx_hal_rcc.c.obj
LOAD CMakeFiles/STM32_freeRTOS.elf.dir/Drivers/STM32F4xx_HAL_Driver/Src/stm32f4xx_hal_rcc_ex.c.obj
LOAD CMakeFiles/STM32_freeRTOS.elf.dir/Drivers/STM32F4xx_HAL_Driver/Src/stm32f4xx_hal_tim.c.obj
LOAD CMakeFiles/STM32_freeRTOS.elf.dir/Drivers/STM32F4xx_HAL_Driver/Src/stm32f4xx_hal_tim_ex.c.obj
LOAD CMakeFiles/STM32_freeRTOS.elf.dir/Drivers/STM32F4xx_HAL_Driver/Src/stm32f4xx_hal_uart.c.obj
LOAD CMakeFiles/STM32_freeRTOS.elf.dir/Drivers/STM32F4xx_HAL_Driver/Src/stm32f4xx_ll_usb.c.obj
LOAD CMakeFiles/STM32_freeRTOS.elf.dir/Middlewares/ST/STM32_USB_Device_Library/Class/CDC/Src/usbd_cdc.c.obj
LOAD CMakeFiles/STM32_freeRTOS.elf.dir/Middlewares/ST/STM32_USB_Device_Library/Core/Src/usbd_core.c.obj
LOAD CMakeFiles/STM32_freeRTOS.elf.dir/Middlewares/ST/STM32_USB_Device_Library/Core/Src/usbd_ctlreq.c.obj
LOAD CMakeFiles/STM32_freeRTOS.elf.dir/Middlewares/ST/STM32_USB_Device_Library/Core/Src/usbd_ioreq.c.obj
LOAD CMakeFiles/STM32_freeRTOS.elf.dir/Middlewares/Third_Party/FreeRTOS/Source/CMSIS_RTOS/cmsis_os.c.obj
LOAD CMakeFiles/STM32_freeRTOS.elf.dir/Middlewares/Third_Party/FreeRTOS/Source/croutine.c.obj
LOAD CMakeFiles/STM32_freeRTOS.elf.dir/Middlewares/Third_Party/FreeRTOS/Source/event_groups.c.obj
LOAD CMakeFiles/STM32_freeRTOS.elf.dir/Middlewares/Third_Party/FreeRTOS/Source/list.c.obj
LOAD CMakeFiles/STM32_freeRTOS.elf.dir/Middlewares/Third_Party/FreeRTOS/Source/portable/GCC/ARM_CM4F/port.c.obj
LOAD CMakeFiles/STM32_freeRTOS.elf.dir/Middlewares/Third_Party/FreeRTOS/Source/portable/MemMang/heap_4.c.obj
LOAD CMakeFiles/STM32_freeRTOS.elf.dir/Middlewares/Third_Party/FreeRTOS/Source/queue.c.obj
LOAD CMakeFiles/STM32_freeRTOS.elf.dir/Middlewares/Third_Party/FreeRTOS/Source/stream_buffer.c.obj
LOAD CMakeFiles/STM32_freeRTOS.elf.dir/Middlewares/Third_Party/FreeRTOS/Source/tasks.c.obj
LOAD CMakeFiles/STM32_freeRTOS.elf.dir/Middlewares/Third_Party/FreeRTOS/Source/timers.c.obj
LOAD CMakeFiles/STM32_freeRTOS.elf.dir/USB_DEVICE/App/usb_device.c.obj
LOAD CMakeFiles/STM32_freeRTOS.elf.dir/USB_DEVICE/App/usbd_cdc_if.c.obj
LOAD CMakeFiles/STM32_freeRTOS.elf.dir/USB_DEVICE/App/usbd_desc.c.obj
LOAD CMakeFiles/STM32_freeRTOS.elf.dir/USB_DEVICE/Target/usbd_conf.c.obj
LOAD CMakeFiles/STM32_freeRTOS.elf.dir/USB_Task/USB_Task.c.obj
LOAD CMakeFiles/STM32_freeRTOS.elf.dir/Comunication/Packet.c.obj
LOAD CMakeFiles/STM32_freeRTOS.elf.dir/Comunication/Decode.c.obj
LOAD CMakeFiles/STM32_freeRTOS.elf.dir/Comunication/fifo.c.obj
LOAD CMakeFiles/STM32_freeRTOS.elf.dir/Comunication/CRC8_CRC16.c.obj
START GROUP
LOAD e:/stm32cudemx_tool/gcc-arm-none-eabi-10.3-2021.10/bin/../lib/gcc/arm-none-eabi/10.3.1/thumb/v7e-m+fp/hard\libgcc.a
LOAD e:/stm32cudemx_tool/gcc-arm-none-eabi-10.3-2021.10/bin/../lib/gcc/arm-none-eabi/10.3.1/../../../../arm-none-eabi/lib/thumb/v7e-m+fp/hard\libg.a
LOAD e:/stm32cudemx_tool/gcc-arm-none-eabi-10.3-2021.10/bin/../lib/gcc/arm-none-eabi/10.3.1/../../../../arm-none-eabi/lib/thumb/v7e-m+fp/hard\libc.a
END GROUP
LOAD e:/stm32cudemx_tool/gcc-arm-none-eabi-10.3-2021.10/bin/../lib/gcc/arm-none-eabi/10.3.1/thumb/v7e-m+fp/hard/crtend.o
LOAD e:/stm32cudemx_tool/gcc-arm-none-eabi-10.3-2021.10/bin/../lib/gcc/arm-none-eabi/10.3.1/thumb/v7e-m+fp/hard/crtn.o
                0x20020000                _estack = (ORIGIN (RAM) + LENGTH (RAM))
                0x00000200                _Min_Heap_Size = 0x200
                0x00000400                _Min_Stack_Size = 0x400

.isr_vector     0x08000000      0x188
                0x08000000                . = ALIGN (0x4)
 *(.isr_vector)
 .isr_vector    0x08000000      0x188 CMakeFiles/STM32_freeRTOS.elf.dir/Core/Startup/startup_stm32f407ighx.s.obj
                0x08000000                g_pfnVectors
                0x08000188                . = ALIGN (0x4)

.text           0x08000190     0x7a5c
                0x08000190                . = ALIGN (0x4)
 *(.text)
 .text          0x08000190       0x40 e:/stm32cudemx_tool/gcc-arm-none-eabi-10.3-2021.10/bin/../lib/gcc/arm-none-eabi/10.3.1/thumb/v7e-m+fp/hard/crtbegin.o
 .text          0x080001d0       0x30 e:/stm32cudemx_tool/gcc-arm-none-eabi-10.3-2021.10/bin/../lib/gcc/arm-none-eabi/10.3.1/thumb/v7e-m+fp/hard\libgcc.a(_aeabi_uldivmod.o)
                0x080001d0                __aeabi_uldivmod
 .text          0x08000200      0x2d0 e:/stm32cudemx_tool/gcc-arm-none-eabi-10.3-2021.10/bin/../lib/gcc/arm-none-eabi/10.3.1/thumb/v7e-m+fp/hard\libgcc.a(_udivmoddi4.o)
                0x08000200                __udivmoddi4
 .text          0x080004d0        0x4 e:/stm32cudemx_tool/gcc-arm-none-eabi-10.3-2021.10/bin/../lib/gcc/arm-none-eabi/10.3.1/thumb/v7e-m+fp/hard\libgcc.a(_dvmd_tls.o)
                0x080004d0                __aeabi_idiv0
                0x080004d0                __aeabi_ldiv0
 .text          0x080004d4      0x134 e:/stm32cudemx_tool/gcc-arm-none-eabi-10.3-2021.10/bin/../lib/gcc/arm-none-eabi/10.3.1/../../../../arm-none-eabi/lib/thumb/v7e-m+fp/hard\libg.a(lib_a-memcpy.o)
                0x080004d4                memcpy
 *(.text*)
 .text.MX_CAN1_Init
                0x08000608       0x40 CMakeFiles/STM32_freeRTOS.elf.dir/Core/Src/can.c.obj
                0x08000608                MX_CAN1_Init
 .text.MX_CAN2_Init
                0x08000648       0x40 CMakeFiles/STM32_freeRTOS.elf.dir/Core/Src/can.c.obj
                0x08000648                MX_CAN2_Init
 .text.HAL_CAN_MspInit
                0x08000688      0x110 CMakeFiles/STM32_freeRTOS.elf.dir/Core/Src/can.c.obj
                0x08000688                HAL_CAN_MspInit
 .text.MX_CRC_Init
                0x08000798       0x20 CMakeFiles/STM32_freeRTOS.elf.dir/Core/Src/crc.c.obj
                0x08000798                MX_CRC_Init
 .text.HAL_CRC_MspInit
                0x080007b8       0x30 CMakeFiles/STM32_freeRTOS.elf.dir/Core/Src/crc.c.obj
                0x080007b8                HAL_CRC_MspInit
 .text.MX_DMA_Init
                0x080007e8       0x34 CMakeFiles/STM32_freeRTOS.elf.dir/Core/Src/dma.c.obj
                0x080007e8                MX_DMA_Init
 .text.red_led_task
                0x0800081c        0xe CMakeFiles/STM32_freeRTOS.elf.dir/Core/Src/freertos.c.obj
                0x0800081c                red_led_task
 .text.blue_led_task
                0x0800082a        0xa CMakeFiles/STM32_freeRTOS.elf.dir/Core/Src/freertos.c.obj
                0x0800082a                blue_led_task
 .text.vApplicationGetIdleTaskMemory
                0x08000834       0x18 CMakeFiles/STM32_freeRTOS.elf.dir/Core/Src/freertos.c.obj
                0x08000834                vApplicationGetIdleTaskMemory
 .text.MX_FREERTOS_Init
                0x0800084c       0xe8 CMakeFiles/STM32_freeRTOS.elf.dir/Core/Src/freertos.c.obj
                0x0800084c                MX_FREERTOS_Init
 .text.MX_GPIO_Init
                0x08000934       0xe4 CMakeFiles/STM32_freeRTOS.elf.dir/Core/Src/gpio.c.obj
                0x08000934                MX_GPIO_Init
 .text.Error_Handler
                0x08000a18        0x4 CMakeFiles/STM32_freeRTOS.elf.dir/Core/Src/main.c.obj
                0x08000a18                Error_Handler
 .text.SystemClock_Config
                0x08000a1c       0xac CMakeFiles/STM32_freeRTOS.elf.dir/Core/Src/main.c.obj
                0x08000a1c                SystemClock_Config
 .text.main     0x08000ac8       0x64 CMakeFiles/STM32_freeRTOS.elf.dir/Core/Src/main.c.obj
                0x08000ac8                main
 .text.HAL_MspInit
                0x08000b2c       0x44 CMakeFiles/STM32_freeRTOS.elf.dir/Core/Src/stm32f4xx_hal_msp.c.obj
                0x08000b2c                HAL_MspInit
 .text.NMI_Handler
                0x08000b70        0x8 CMakeFiles/STM32_freeRTOS.elf.dir/Core/Src/stm32f4xx_it.c.obj
                0x08000b70                NMI_Handler
 .text.HardFault_Handler
                0x08000b78        0x2 CMakeFiles/STM32_freeRTOS.elf.dir/Core/Src/stm32f4xx_it.c.obj
                0x08000b78                HardFault_Handler
 .text.MemManage_Handler
                0x08000b7a        0x2 CMakeFiles/STM32_freeRTOS.elf.dir/Core/Src/stm32f4xx_it.c.obj
                0x08000b7a                MemManage_Handler
 .text.BusFault_Handler
                0x08000b7c        0x2 CMakeFiles/STM32_freeRTOS.elf.dir/Core/Src/stm32f4xx_it.c.obj
                0x08000b7c                BusFault_Handler
 .text.UsageFault_Handler
                0x08000b7e        0x2 CMakeFiles/STM32_freeRTOS.elf.dir/Core/Src/stm32f4xx_it.c.obj
                0x08000b7e                UsageFault_Handler
 .text.DebugMon_Handler
                0x08000b80        0x2 CMakeFiles/STM32_freeRTOS.elf.dir/Core/Src/stm32f4xx_it.c.obj
                0x08000b80                DebugMon_Handler
 .text.SysTick_Handler
                0x08000b82       0x16 CMakeFiles/STM32_freeRTOS.elf.dir/Core/Src/stm32f4xx_it.c.obj
                0x08000b82                SysTick_Handler
 .text.EXTI0_IRQHandler
                0x08000b98        0xa CMakeFiles/STM32_freeRTOS.elf.dir/Core/Src/stm32f4xx_it.c.obj
                0x08000b98                EXTI0_IRQHandler
 *fill*         0x08000ba2        0x2 
 .text.DMA1_Stream1_IRQHandler
                0x08000ba4       0x10 CMakeFiles/STM32_freeRTOS.elf.dir/Core/Src/stm32f4xx_it.c.obj
                0x08000ba4                DMA1_Stream1_IRQHandler
 .text.CAN1_RX0_IRQHandler
                0x08000bb4       0x10 CMakeFiles/STM32_freeRTOS.elf.dir/Core/Src/stm32f4xx_it.c.obj
                0x08000bb4                CAN1_RX0_IRQHandler
 .text.TIM1_UP_TIM10_IRQHandler
                0x08000bc4       0x10 CMakeFiles/STM32_freeRTOS.elf.dir/Core/Src/stm32f4xx_it.c.obj
                0x08000bc4                TIM1_UP_TIM10_IRQHandler
 .text.USART3_IRQHandler
                0x08000bd4       0x10 CMakeFiles/STM32_freeRTOS.elf.dir/Core/Src/stm32f4xx_it.c.obj
                0x08000bd4                USART3_IRQHandler
 .text.OTG_FS_IRQHandler
                0x08000be4       0x10 CMakeFiles/STM32_freeRTOS.elf.dir/Core/Src/stm32f4xx_it.c.obj
                0x08000be4                OTG_FS_IRQHandler
 .text.USART6_IRQHandler
                0x08000bf4       0x10 CMakeFiles/STM32_freeRTOS.elf.dir/Core/Src/stm32f4xx_it.c.obj
                0x08000bf4                USART6_IRQHandler
 .text.SystemInit
                0x08000c04       0x14 CMakeFiles/STM32_freeRTOS.elf.dir/Core/Src/system_stm32f4xx.c.obj
                0x08000c04                SystemInit
 .text.HAL_TIM_Base_MspInit
                0x08000c18       0x8c CMakeFiles/STM32_freeRTOS.elf.dir/Core/Src/tim.c.obj
                0x08000c18                HAL_TIM_Base_MspInit
 .text.HAL_TIM_PWM_MspInit
                0x08000ca4       0x30 CMakeFiles/STM32_freeRTOS.elf.dir/Core/Src/tim.c.obj
                0x08000ca4                HAL_TIM_PWM_MspInit
 .text.HAL_TIM_MspPostInit
                0x08000cd4      0x138 CMakeFiles/STM32_freeRTOS.elf.dir/Core/Src/tim.c.obj
                0x08000cd4                HAL_TIM_MspPostInit
 .text.MX_TIM1_Init
                0x08000e0c      0x12c CMakeFiles/STM32_freeRTOS.elf.dir/Core/Src/tim.c.obj
                0x08000e0c                MX_TIM1_Init
 .text.MX_TIM4_Init
                0x08000f38       0xb4 CMakeFiles/STM32_freeRTOS.elf.dir/Core/Src/tim.c.obj
                0x08000f38                MX_TIM4_Init
 .text.MX_TIM5_Init
                0x08000fec       0xd4 CMakeFiles/STM32_freeRTOS.elf.dir/Core/Src/tim.c.obj
                0x08000fec                MX_TIM5_Init
 .text.MX_TIM8_Init
                0x080010c0       0xe0 CMakeFiles/STM32_freeRTOS.elf.dir/Core/Src/tim.c.obj
                0x080010c0                MX_TIM8_Init
 .text.MX_USART3_UART_Init
                0x080011a0       0x3c CMakeFiles/STM32_freeRTOS.elf.dir/Core/Src/usart.c.obj
                0x080011a0                MX_USART3_UART_Init
 .text.MX_USART6_UART_Init
                0x080011dc       0x34 CMakeFiles/STM32_freeRTOS.elf.dir/Core/Src/usart.c.obj
                0x080011dc                MX_USART6_UART_Init
 .text.HAL_UART_MspInit
                0x08001210      0x128 CMakeFiles/STM32_freeRTOS.elf.dir/Core/Src/usart.c.obj
                0x08001210                HAL_UART_MspInit
 .text.Reset_Handler
                0x08001338       0x50 CMakeFiles/STM32_freeRTOS.elf.dir/Core/Startup/startup_stm32f407ighx.s.obj
                0x08001338                Reset_Handler
 .text.Default_Handler
                0x08001388        0x2 CMakeFiles/STM32_freeRTOS.elf.dir/Core/Startup/startup_stm32f407ighx.s.obj
                0x08001388                RTC_Alarm_IRQHandler
                0x08001388                HASH_RNG_IRQHandler
                0x08001388                EXTI2_IRQHandler
                0x08001388                TIM8_CC_IRQHandler
                0x08001388                TIM1_CC_IRQHandler
                0x08001388                DMA2_Stream5_IRQHandler
                0x08001388                DMA1_Stream5_IRQHandler
                0x08001388                PVD_IRQHandler
                0x08001388                SDIO_IRQHandler
                0x08001388                TAMP_STAMP_IRQHandler
                0x08001388                CAN2_RX1_IRQHandler
                0x08001388                EXTI3_IRQHandler
                0x08001388                TIM8_TRG_COM_TIM14_IRQHandler
                0x08001388                TIM8_UP_TIM13_IRQHandler
                0x08001388                I2C3_ER_IRQHandler
                0x08001388                I2C2_EV_IRQHandler
                0x08001388                DMA1_Stream2_IRQHandler
                0x08001388                FPU_IRQHandler
                0x08001388                OTG_HS_WKUP_IRQHandler
                0x08001388                CAN2_SCE_IRQHandler
                0x08001388                DMA2_Stream2_IRQHandler
                0x08001388                SPI1_IRQHandler
                0x08001388                TIM6_DAC_IRQHandler
                0x08001388                TIM1_BRK_TIM9_IRQHandler
                0x08001388                DCMI_IRQHandler
                0x08001388                CAN2_RX0_IRQHandler
                0x08001388                DMA2_Stream3_IRQHandler
                0x08001388                CAN1_RX1_IRQHandler
                0x08001388                UART5_IRQHandler
                0x08001388                DMA2_Stream0_IRQHandler
                0x08001388                TIM4_IRQHandler
                0x08001388                I2C1_EV_IRQHandler
                0x08001388                DMA1_Stream6_IRQHandler
                0x08001388                UART4_IRQHandler
                0x08001388                TIM3_IRQHandler
                0x08001388                RCC_IRQHandler
                0x08001388                TIM8_BRK_TIM12_IRQHandler
                0x08001388                Default_Handler
                0x08001388                EXTI15_10_IRQHandler
                0x08001388                ADC_IRQHandler
                0x08001388                DMA1_Stream7_IRQHandler
                0x08001388                TIM7_IRQHandler
                0x08001388                CAN2_TX_IRQHandler
                0x08001388                TIM5_IRQHandler
                0x08001388                DMA2_Stream7_IRQHandler
                0x08001388                I2C3_EV_IRQHandler
                0x08001388                EXTI9_5_IRQHandler
                0x08001388                RTC_WKUP_IRQHandler
                0x08001388                ETH_WKUP_IRQHandler
                0x08001388                SPI2_IRQHandler
                0x08001388                OTG_HS_EP1_IN_IRQHandler
                0x08001388                DMA1_Stream0_IRQHandler
                0x08001388                CAN1_TX_IRQHandler
                0x08001388                EXTI4_IRQHandler
                0x08001388                FSMC_IRQHandler
                0x08001388                ETH_IRQHandler
                0x08001388                OTG_HS_EP1_OUT_IRQHandler
                0x08001388                WWDG_IRQHandler
                0x08001388                TIM2_IRQHandler
                0x08001388                OTG_FS_WKUP_IRQHandler
                0x08001388                TIM1_TRG_COM_TIM11_IRQHandler
                0x08001388                OTG_HS_IRQHandler
                0x08001388                EXTI1_IRQHandler
                0x08001388                USART2_IRQHandler
                0x08001388                I2C2_ER_IRQHandler
                0x08001388                DMA2_Stream1_IRQHandler
                0x08001388                CAN1_SCE_IRQHandler
                0x08001388                FLASH_IRQHandler
                0x08001388                DMA2_Stream4_IRQHandler
                0x08001388                USART1_IRQHandler
                0x08001388                SPI3_IRQHandler
                0x08001388                DMA1_Stream4_IRQHandler
                0x08001388                I2C1_ER_IRQHandler
                0x08001388                DMA2_Stream6_IRQHandler
                0x08001388                DMA1_Stream3_IRQHandler
 *fill*         0x0800138a        0x2 
 .text.HAL_InitTick
                0x0800138c       0x4c CMakeFiles/STM32_freeRTOS.elf.dir/Drivers/STM32F4xx_HAL_Driver/Src/stm32f4xx_hal.c.obj
                0x0800138c                HAL_InitTick
 .text.HAL_Init
                0x080013d8       0x34 CMakeFiles/STM32_freeRTOS.elf.dir/Drivers/STM32F4xx_HAL_Driver/Src/stm32f4xx_hal.c.obj
                0x080013d8                HAL_Init
 .text.HAL_IncTick
                0x0800140c       0x18 CMakeFiles/STM32_freeRTOS.elf.dir/Drivers/STM32F4xx_HAL_Driver/Src/stm32f4xx_hal.c.obj
                0x0800140c                HAL_IncTick
 .text.HAL_GetTick
                0x08001424        0xc CMakeFiles/STM32_freeRTOS.elf.dir/Drivers/STM32F4xx_HAL_Driver/Src/stm32f4xx_hal.c.obj
                0x08001424                HAL_GetTick
 .text.HAL_Delay
                0x08001430       0x28 CMakeFiles/STM32_freeRTOS.elf.dir/Drivers/STM32F4xx_HAL_Driver/Src/stm32f4xx_hal.c.obj
                0x08001430                HAL_Delay
 .text.HAL_CAN_Init
                0x08001458      0x14c CMakeFiles/STM32_freeRTOS.elf.dir/Drivers/STM32F4xx_HAL_Driver/Src/stm32f4xx_hal_can.c.obj
                0x08001458                HAL_CAN_Init
 .text.HAL_CAN_TxMailbox0CompleteCallback
                0x080015a4        0x2 CMakeFiles/STM32_freeRTOS.elf.dir/Drivers/STM32F4xx_HAL_Driver/Src/stm32f4xx_hal_can.c.obj
                0x080015a4                HAL_CAN_TxMailbox0CompleteCallback
 .text.HAL_CAN_TxMailbox1CompleteCallback
                0x080015a6        0x2 CMakeFiles/STM32_freeRTOS.elf.dir/Drivers/STM32F4xx_HAL_Driver/Src/stm32f4xx_hal_can.c.obj
                0x080015a6                HAL_CAN_TxMailbox1CompleteCallback
 .text.HAL_CAN_TxMailbox2CompleteCallback
                0x080015a8        0x2 CMakeFiles/STM32_freeRTOS.elf.dir/Drivers/STM32F4xx_HAL_Driver/Src/stm32f4xx_hal_can.c.obj
                0x080015a8                HAL_CAN_TxMailbox2CompleteCallback
 .text.HAL_CAN_TxMailbox0AbortCallback
                0x080015aa        0x2 CMakeFiles/STM32_freeRTOS.elf.dir/Drivers/STM32F4xx_HAL_Driver/Src/stm32f4xx_hal_can.c.obj
                0x080015aa                HAL_CAN_TxMailbox0AbortCallback
 .text.HAL_CAN_TxMailbox1AbortCallback
                0x080015ac        0x2 CMakeFiles/STM32_freeRTOS.elf.dir/Drivers/STM32F4xx_HAL_Driver/Src/stm32f4xx_hal_can.c.obj
                0x080015ac                HAL_CAN_TxMailbox1AbortCallback
 .text.HAL_CAN_TxMailbox2AbortCallback
                0x080015ae        0x2 CMakeFiles/STM32_freeRTOS.elf.dir/Drivers/STM32F4xx_HAL_Driver/Src/stm32f4xx_hal_can.c.obj
                0x080015ae                HAL_CAN_TxMailbox2AbortCallback
 .text.HAL_CAN_RxFifo0MsgPendingCallback
                0x080015b0        0x2 CMakeFiles/STM32_freeRTOS.elf.dir/Drivers/STM32F4xx_HAL_Driver/Src/stm32f4xx_hal_can.c.obj
                0x080015b0                HAL_CAN_RxFifo0MsgPendingCallback
 .text.HAL_CAN_RxFifo0FullCallback
                0x080015b2        0x2 CMakeFiles/STM32_freeRTOS.elf.dir/Drivers/STM32F4xx_HAL_Driver/Src/stm32f4xx_hal_can.c.obj
                0x080015b2                HAL_CAN_RxFifo0FullCallback
 .text.HAL_CAN_RxFifo1MsgPendingCallback
                0x080015b4        0x2 CMakeFiles/STM32_freeRTOS.elf.dir/Drivers/STM32F4xx_HAL_Driver/Src/stm32f4xx_hal_can.c.obj
                0x080015b4                HAL_CAN_RxFifo1MsgPendingCallback
 .text.HAL_CAN_RxFifo1FullCallback
                0x080015b6        0x2 CMakeFiles/STM32_freeRTOS.elf.dir/Drivers/STM32F4xx_HAL_Driver/Src/stm32f4xx_hal_can.c.obj
                0x080015b6                HAL_CAN_RxFifo1FullCallback
 .text.HAL_CAN_SleepCallback
                0x080015b8        0x2 CMakeFiles/STM32_freeRTOS.elf.dir/Drivers/STM32F4xx_HAL_Driver/Src/stm32f4xx_hal_can.c.obj
                0x080015b8                HAL_CAN_SleepCallback
 .text.HAL_CAN_WakeUpFromRxMsgCallback
                0x080015ba        0x2 CMakeFiles/STM32_freeRTOS.elf.dir/Drivers/STM32F4xx_HAL_Driver/Src/stm32f4xx_hal_can.c.obj
                0x080015ba                HAL_CAN_WakeUpFromRxMsgCallback
 .text.HAL_CAN_ErrorCallback
                0x080015bc        0x2 CMakeFiles/STM32_freeRTOS.elf.dir/Drivers/STM32F4xx_HAL_Driver/Src/stm32f4xx_hal_can.c.obj
                0x080015bc                HAL_CAN_ErrorCallback
 .text.HAL_CAN_IRQHandler
                0x080015be      0x24a CMakeFiles/STM32_freeRTOS.elf.dir/Drivers/STM32F4xx_HAL_Driver/Src/stm32f4xx_hal_can.c.obj
                0x080015be                HAL_CAN_IRQHandler
 .text.HAL_NVIC_SetPriorityGrouping
                0x08001808       0x24 CMakeFiles/STM32_freeRTOS.elf.dir/Drivers/STM32F4xx_HAL_Driver/Src/stm32f4xx_hal_cortex.c.obj
                0x08001808                HAL_NVIC_SetPriorityGrouping
 .text.HAL_NVIC_SetPriority
                0x0800182c       0x70 CMakeFiles/STM32_freeRTOS.elf.dir/Drivers/STM32F4xx_HAL_Driver/Src/stm32f4xx_hal_cortex.c.obj
                0x0800182c                HAL_NVIC_SetPriority
 .text.HAL_NVIC_EnableIRQ
                0x0800189c       0x1c CMakeFiles/STM32_freeRTOS.elf.dir/Drivers/STM32F4xx_HAL_Driver/Src/stm32f4xx_hal_cortex.c.obj
                0x0800189c                HAL_NVIC_EnableIRQ
 .text.HAL_SYSTICK_Config
                0x080018b8       0x28 CMakeFiles/STM32_freeRTOS.elf.dir/Drivers/STM32F4xx_HAL_Driver/Src/stm32f4xx_hal_cortex.c.obj
                0x080018b8                HAL_SYSTICK_Config
 .text.HAL_CRC_Init
                0x080018e0       0x1e CMakeFiles/STM32_freeRTOS.elf.dir/Drivers/STM32F4xx_HAL_Driver/Src/stm32f4xx_hal_crc.c.obj
                0x080018e0                HAL_CRC_Init
 *fill*         0x080018fe        0x2 
 .text.DMA_CalcBaseAndBitshift
                0x08001900       0x44 CMakeFiles/STM32_freeRTOS.elf.dir/Drivers/STM32F4xx_HAL_Driver/Src/stm32f4xx_hal_dma.c.obj
 .text.DMA_CheckFifoParam
                0x08001944       0x8e CMakeFiles/STM32_freeRTOS.elf.dir/Drivers/STM32F4xx_HAL_Driver/Src/stm32f4xx_hal_dma.c.obj
 *fill*         0x080019d2        0x2 
 .text.HAL_DMA_Init
                0x080019d4       0xcc CMakeFiles/STM32_freeRTOS.elf.dir/Drivers/STM32F4xx_HAL_Driver/Src/stm32f4xx_hal_dma.c.obj
                0x080019d4                HAL_DMA_Init
 .text.HAL_DMA_Abort
                0x08001aa0       0x94 CMakeFiles/STM32_freeRTOS.elf.dir/Drivers/STM32F4xx_HAL_Driver/Src/stm32f4xx_hal_dma.c.obj
                0x08001aa0                HAL_DMA_Abort
 .text.HAL_DMA_Abort_IT
                0x08001b34       0x26 CMakeFiles/STM32_freeRTOS.elf.dir/Drivers/STM32F4xx_HAL_Driver/Src/stm32f4xx_hal_dma.c.obj
                0x08001b34                HAL_DMA_Abort_IT
 *fill*         0x08001b5a        0x2 
 .text.HAL_DMA_IRQHandler
                0x08001b5c      0x1dc CMakeFiles/STM32_freeRTOS.elf.dir/Drivers/STM32F4xx_HAL_Driver/Src/stm32f4xx_hal_dma.c.obj
                0x08001b5c                HAL_DMA_IRQHandler
 .text.HAL_GPIO_Init
                0x08001d38      0x1e4 CMakeFiles/STM32_freeRTOS.elf.dir/Drivers/STM32F4xx_HAL_Driver/Src/stm32f4xx_hal_gpio.c.obj
                0x08001d38                HAL_GPIO_Init
 .text.HAL_GPIO_EXTI_Callback
                0x08001f1c        0x2 CMakeFiles/STM32_freeRTOS.elf.dir/Drivers/STM32F4xx_HAL_Driver/Src/stm32f4xx_hal_gpio.c.obj
                0x08001f1c                HAL_GPIO_EXTI_Callback
 *fill*         0x08001f1e        0x2 
 .text.HAL_GPIO_EXTI_IRQHandler
                0x08001f20       0x1c CMakeFiles/STM32_freeRTOS.elf.dir/Drivers/STM32F4xx_HAL_Driver/Src/stm32f4xx_hal_gpio.c.obj
                0x08001f20                HAL_GPIO_EXTI_IRQHandler
 .text.PCD_WriteEmptyTxFifo
                0x08001f3c       0xd0 CMakeFiles/STM32_freeRTOS.elf.dir/Drivers/STM32F4xx_HAL_Driver/Src/stm32f4xx_hal_pcd.c.obj
 .text.HAL_PCD_Init
                0x0800200c      0x12e CMakeFiles/STM32_freeRTOS.elf.dir/Drivers/STM32F4xx_HAL_Driver/Src/stm32f4xx_hal_pcd.c.obj
                0x0800200c                HAL_PCD_Init
 .text.HAL_PCD_Start
                0x0800213a       0x42 CMakeFiles/STM32_freeRTOS.elf.dir/Drivers/STM32F4xx_HAL_Driver/Src/stm32f4xx_hal_pcd.c.obj
                0x0800213a                HAL_PCD_Start
 .text.PCD_EP_OutXfrComplete_int
                0x0800217c       0xf4 CMakeFiles/STM32_freeRTOS.elf.dir/Drivers/STM32F4xx_HAL_Driver/Src/stm32f4xx_hal_pcd.c.obj
 .text.PCD_EP_OutSetupPacket_int
                0x08002270       0x50 CMakeFiles/STM32_freeRTOS.elf.dir/Drivers/STM32F4xx_HAL_Driver/Src/stm32f4xx_hal_pcd.c.obj
 .text.HAL_PCD_IRQHandler
                0x080022c0      0x476 CMakeFiles/STM32_freeRTOS.elf.dir/Drivers/STM32F4xx_HAL_Driver/Src/stm32f4xx_hal_pcd.c.obj
                0x080022c0                HAL_PCD_IRQHandler
 .text.HAL_PCD_SetAddress
                0x08002736       0x28 CMakeFiles/STM32_freeRTOS.elf.dir/Drivers/STM32F4xx_HAL_Driver/Src/stm32f4xx_hal_pcd.c.obj
                0x08002736                HAL_PCD_SetAddress
 .text.HAL_PCD_EP_Open
                0x0800275e       0x8a CMakeFiles/STM32_freeRTOS.elf.dir/Drivers/STM32F4xx_HAL_Driver/Src/stm32f4xx_hal_pcd.c.obj
                0x0800275e                HAL_PCD_EP_Open
 .text.HAL_PCD_EP_Close
                0x080027e8       0x72 CMakeFiles/STM32_freeRTOS.elf.dir/Drivers/STM32F4xx_HAL_Driver/Src/stm32f4xx_hal_pcd.c.obj
                0x080027e8                HAL_PCD_EP_Close
 .text.HAL_PCD_EP_Receive
                0x0800285a       0x5e CMakeFiles/STM32_freeRTOS.elf.dir/Drivers/STM32F4xx_HAL_Driver/Src/stm32f4xx_hal_pcd.c.obj
                0x0800285a                HAL_PCD_EP_Receive
 .text.HAL_PCD_EP_GetRxCount
                0x080028b8       0x12 CMakeFiles/STM32_freeRTOS.elf.dir/Drivers/STM32F4xx_HAL_Driver/Src/stm32f4xx_hal_pcd.c.obj
                0x080028b8                HAL_PCD_EP_GetRxCount
 .text.HAL_PCD_EP_Transmit
                0x080028ca       0x5e CMakeFiles/STM32_freeRTOS.elf.dir/Drivers/STM32F4xx_HAL_Driver/Src/stm32f4xx_hal_pcd.c.obj
                0x080028ca                HAL_PCD_EP_Transmit
 .text.HAL_PCD_EP_SetStall
                0x08002928       0x88 CMakeFiles/STM32_freeRTOS.elf.dir/Drivers/STM32F4xx_HAL_Driver/Src/stm32f4xx_hal_pcd.c.obj
                0x08002928                HAL_PCD_EP_SetStall
 .text.HAL_PCD_EP_ClrStall
                0x080029b0       0x76 CMakeFiles/STM32_freeRTOS.elf.dir/Drivers/STM32F4xx_HAL_Driver/Src/stm32f4xx_hal_pcd.c.obj
                0x080029b0                HAL_PCD_EP_ClrStall
 .text.HAL_PCDEx_SetTxFiFo
                0x08002a26       0x4c CMakeFiles/STM32_freeRTOS.elf.dir/Drivers/STM32F4xx_HAL_Driver/Src/stm32f4xx_hal_pcd_ex.c.obj
                0x08002a26                HAL_PCDEx_SetTxFiFo
 .text.HAL_PCDEx_SetRxFiFo
                0x08002a72        0x8 CMakeFiles/STM32_freeRTOS.elf.dir/Drivers/STM32F4xx_HAL_Driver/Src/stm32f4xx_hal_pcd_ex.c.obj
                0x08002a72                HAL_PCDEx_SetRxFiFo
 .text.HAL_PCDEx_LPM_Callback
                0x08002a7a        0x2 CMakeFiles/STM32_freeRTOS.elf.dir/Drivers/STM32F4xx_HAL_Driver/Src/stm32f4xx_hal_pcd_ex.c.obj
                0x08002a7a                HAL_PCDEx_LPM_Callback
 .text.HAL_RCC_OscConfig
                0x08002a7c      0x3f8 CMakeFiles/STM32_freeRTOS.elf.dir/Drivers/STM32F4xx_HAL_Driver/Src/stm32f4xx_hal_rcc.c.obj
                0x08002a7c                HAL_RCC_OscConfig
 .text.HAL_RCC_EnableCSS
                0x08002e74        0xc CMakeFiles/STM32_freeRTOS.elf.dir/Drivers/STM32F4xx_HAL_Driver/Src/stm32f4xx_hal_rcc.c.obj
                0x08002e74                HAL_RCC_EnableCSS
 .text.HAL_RCC_GetSysClockFreq
                0x08002e80       0xa4 CMakeFiles/STM32_freeRTOS.elf.dir/Drivers/STM32F4xx_HAL_Driver/Src/stm32f4xx_hal_rcc.c.obj
                0x08002e80                HAL_RCC_GetSysClockFreq
 .text.HAL_RCC_ClockConfig
                0x08002f24      0x160 CMakeFiles/STM32_freeRTOS.elf.dir/Drivers/STM32F4xx_HAL_Driver/Src/stm32f4xx_hal_rcc.c.obj
                0x08002f24                HAL_RCC_ClockConfig
 .text.HAL_RCC_GetHCLKFreq
                0x08003084        0xc CMakeFiles/STM32_freeRTOS.elf.dir/Drivers/STM32F4xx_HAL_Driver/Src/stm32f4xx_hal_rcc.c.obj
                0x08003084                HAL_RCC_GetHCLKFreq
 .text.HAL_RCC_GetPCLK1Freq
                0x08003090       0x20 CMakeFiles/STM32_freeRTOS.elf.dir/Drivers/STM32F4xx_HAL_Driver/Src/stm32f4xx_hal_rcc.c.obj
                0x08003090                HAL_RCC_GetPCLK1Freq
 .text.HAL_RCC_GetPCLK2Freq
                0x080030b0       0x20 CMakeFiles/STM32_freeRTOS.elf.dir/Drivers/STM32F4xx_HAL_Driver/Src/stm32f4xx_hal_rcc.c.obj
                0x080030b0                HAL_RCC_GetPCLK2Freq
 .text.HAL_RCC_CSSCallback
                0x080030d0        0x2 CMakeFiles/STM32_freeRTOS.elf.dir/Drivers/STM32F4xx_HAL_Driver/Src/stm32f4xx_hal_rcc.c.obj
                0x080030d0                HAL_RCC_CSSCallback
 *fill*         0x080030d2        0x2 
 .text.HAL_RCC_NMI_IRQHandler
                0x080030d4       0x20 CMakeFiles/STM32_freeRTOS.elf.dir/Drivers/STM32F4xx_HAL_Driver/Src/stm32f4xx_hal_rcc.c.obj
                0x080030d4                HAL_RCC_NMI_IRQHandler
 .text.TIM_OC1_SetConfig
                0x080030f4       0x68 CMakeFiles/STM32_freeRTOS.elf.dir/Drivers/STM32F4xx_HAL_Driver/Src/stm32f4xx_hal_tim.c.obj
 .text.TIM_OC3_SetConfig
                0x0800315c       0x70 CMakeFiles/STM32_freeRTOS.elf.dir/Drivers/STM32F4xx_HAL_Driver/Src/stm32f4xx_hal_tim.c.obj
 .text.TIM_OC4_SetConfig
                0x080031cc       0x50 CMakeFiles/STM32_freeRTOS.elf.dir/Drivers/STM32F4xx_HAL_Driver/Src/stm32f4xx_hal_tim.c.obj
 .text.TIM_TI1_ConfigInputStage
                0x0800321c       0x26 CMakeFiles/STM32_freeRTOS.elf.dir/Drivers/STM32F4xx_HAL_Driver/Src/stm32f4xx_hal_tim.c.obj
 .text.TIM_TI2_ConfigInputStage
                0x08003242       0x28 CMakeFiles/STM32_freeRTOS.elf.dir/Drivers/STM32F4xx_HAL_Driver/Src/stm32f4xx_hal_tim.c.obj
 .text.TIM_ITRx_SetConfig
                0x0800326a       0x10 CMakeFiles/STM32_freeRTOS.elf.dir/Drivers/STM32F4xx_HAL_Driver/Src/stm32f4xx_hal_tim.c.obj
 *fill*         0x0800327a        0x2 
 .text.HAL_TIM_Base_Start
                0x0800327c       0x7c CMakeFiles/STM32_freeRTOS.elf.dir/Drivers/STM32F4xx_HAL_Driver/Src/stm32f4xx_hal_tim.c.obj
                0x0800327c                HAL_TIM_Base_Start
 .text.HAL_TIM_PeriodElapsedCallback
                0x080032f8        0x2 CMakeFiles/STM32_freeRTOS.elf.dir/Drivers/STM32F4xx_HAL_Driver/Src/stm32f4xx_hal_tim.c.obj
                0x080032f8                HAL_TIM_PeriodElapsedCallback
 .text.HAL_TIM_OC_DelayElapsedCallback
                0x080032fa        0x2 CMakeFiles/STM32_freeRTOS.elf.dir/Drivers/STM32F4xx_HAL_Driver/Src/stm32f4xx_hal_tim.c.obj
                0x080032fa                HAL_TIM_OC_DelayElapsedCallback
 .text.HAL_TIM_IC_CaptureCallback
                0x080032fc        0x2 CMakeFiles/STM32_freeRTOS.elf.dir/Drivers/STM32F4xx_HAL_Driver/Src/stm32f4xx_hal_tim.c.obj
                0x080032fc                HAL_TIM_IC_CaptureCallback
 .text.HAL_TIM_PWM_PulseFinishedCallback
                0x080032fe        0x2 CMakeFiles/STM32_freeRTOS.elf.dir/Drivers/STM32F4xx_HAL_Driver/Src/stm32f4xx_hal_tim.c.obj
                0x080032fe                HAL_TIM_PWM_PulseFinishedCallback
 .text.HAL_TIM_TriggerCallback
                0x08003300        0x2 CMakeFiles/STM32_freeRTOS.elf.dir/Drivers/STM32F4xx_HAL_Driver/Src/stm32f4xx_hal_tim.c.obj
                0x08003300                HAL_TIM_TriggerCallback
 .text.HAL_TIM_IRQHandler
                0x08003302      0x17a CMakeFiles/STM32_freeRTOS.elf.dir/Drivers/STM32F4xx_HAL_Driver/Src/stm32f4xx_hal_tim.c.obj
                0x08003302                HAL_TIM_IRQHandler
 .text.TIM_Base_SetConfig
                0x0800347c       0xc8 CMakeFiles/STM32_freeRTOS.elf.dir/Drivers/STM32F4xx_HAL_Driver/Src/stm32f4xx_hal_tim.c.obj
                0x0800347c                TIM_Base_SetConfig
 .text.HAL_TIM_Base_Init
                0x08003544       0x58 CMakeFiles/STM32_freeRTOS.elf.dir/Drivers/STM32F4xx_HAL_Driver/Src/stm32f4xx_hal_tim.c.obj
                0x08003544                HAL_TIM_Base_Init
 .text.HAL_TIM_PWM_Init
                0x0800359c       0x58 CMakeFiles/STM32_freeRTOS.elf.dir/Drivers/STM32F4xx_HAL_Driver/Src/stm32f4xx_hal_tim.c.obj
                0x0800359c                HAL_TIM_PWM_Init
 .text.TIM_OC2_SetConfig
                0x080035f4       0x70 CMakeFiles/STM32_freeRTOS.elf.dir/Drivers/STM32F4xx_HAL_Driver/Src/stm32f4xx_hal_tim.c.obj
                0x080035f4                TIM_OC2_SetConfig
 .text.HAL_TIM_PWM_ConfigChannel
                0x08003664       0xdc CMakeFiles/STM32_freeRTOS.elf.dir/Drivers/STM32F4xx_HAL_Driver/Src/stm32f4xx_hal_tim.c.obj
                0x08003664                HAL_TIM_PWM_ConfigChannel
 .text.TIM_ETR_SetConfig
                0x08003740       0x1a CMakeFiles/STM32_freeRTOS.elf.dir/Drivers/STM32F4xx_HAL_Driver/Src/stm32f4xx_hal_tim.c.obj
                0x08003740                TIM_ETR_SetConfig
 .text.HAL_TIM_ConfigClockSource
                0x0800375a       0xfe CMakeFiles/STM32_freeRTOS.elf.dir/Drivers/STM32F4xx_HAL_Driver/Src/stm32f4xx_hal_tim.c.obj
                0x0800375a                HAL_TIM_ConfigClockSource
 .text.TIM_CCxChannelCmd
                0x08003858       0x1e CMakeFiles/STM32_freeRTOS.elf.dir/Drivers/STM32F4xx_HAL_Driver/Src/stm32f4xx_hal_tim.c.obj
                0x08003858                TIM_CCxChannelCmd
 *fill*         0x08003876        0x2 
 .text.HAL_TIM_PWM_Start
                0x08003878      0x104 CMakeFiles/STM32_freeRTOS.elf.dir/Drivers/STM32F4xx_HAL_Driver/Src/stm32f4xx_hal_tim.c.obj
                0x08003878                HAL_TIM_PWM_Start
 .text.HAL_TIMEx_MasterConfigSynchronization
                0x0800397c       0x8c CMakeFiles/STM32_freeRTOS.elf.dir/Drivers/STM32F4xx_HAL_Driver/Src/stm32f4xx_hal_tim_ex.c.obj
                0x0800397c                HAL_TIMEx_MasterConfigSynchronization
 .text.HAL_TIMEx_ConfigBreakDeadTime
                0x08003a08       0x52 CMakeFiles/STM32_freeRTOS.elf.dir/Drivers/STM32F4xx_HAL_Driver/Src/stm32f4xx_hal_tim_ex.c.obj
                0x08003a08                HAL_TIMEx_ConfigBreakDeadTime
 .text.HAL_TIMEx_CommutCallback
                0x08003a5a        0x2 CMakeFiles/STM32_freeRTOS.elf.dir/Drivers/STM32F4xx_HAL_Driver/Src/stm32f4xx_hal_tim_ex.c.obj
                0x08003a5a                HAL_TIMEx_CommutCallback
 .text.HAL_TIMEx_BreakCallback
                0x08003a5c        0x2 CMakeFiles/STM32_freeRTOS.elf.dir/Drivers/STM32F4xx_HAL_Driver/Src/stm32f4xx_hal_tim_ex.c.obj
                0x08003a5c                HAL_TIMEx_BreakCallback
 .text.UART_EndRxTransfer
                0x08003a5e       0x5c CMakeFiles/STM32_freeRTOS.elf.dir/Drivers/STM32F4xx_HAL_Driver/Src/stm32f4xx_hal_uart.c.obj
 .text.UART_Transmit_IT
                0x08003aba       0x60 CMakeFiles/STM32_freeRTOS.elf.dir/Drivers/STM32F4xx_HAL_Driver/Src/stm32f4xx_hal_uart.c.obj
 *fill*         0x08003b1a        0x2 
 .text.UART_SetConfig
                0x08003b1c      0x110 CMakeFiles/STM32_freeRTOS.elf.dir/Drivers/STM32F4xx_HAL_Driver/Src/stm32f4xx_hal_uart.c.obj
 .text.HAL_UART_Init
                0x08003c2c       0x5e CMakeFiles/STM32_freeRTOS.elf.dir/Drivers/STM32F4xx_HAL_Driver/Src/stm32f4xx_hal_uart.c.obj
                0x08003c2c                HAL_UART_Init
 .text.HAL_UART_TxCpltCallback
                0x08003c8a        0x2 CMakeFiles/STM32_freeRTOS.elf.dir/Drivers/STM32F4xx_HAL_Driver/Src/stm32f4xx_hal_uart.c.obj
                0x08003c8a                HAL_UART_TxCpltCallback
 .text.UART_EndTransmit_IT
                0x08003c8c       0x1a CMakeFiles/STM32_freeRTOS.elf.dir/Drivers/STM32F4xx_HAL_Driver/Src/stm32f4xx_hal_uart.c.obj
 .text.HAL_UART_RxCpltCallback
                0x08003ca6        0x2 CMakeFiles/STM32_freeRTOS.elf.dir/Drivers/STM32F4xx_HAL_Driver/Src/stm32f4xx_hal_uart.c.obj
                0x08003ca6                HAL_UART_RxCpltCallback
 .text.HAL_UART_ErrorCallback
                0x08003ca8        0x2 CMakeFiles/STM32_freeRTOS.elf.dir/Drivers/STM32F4xx_HAL_Driver/Src/stm32f4xx_hal_uart.c.obj
                0x08003ca8                HAL_UART_ErrorCallback
 .text.UART_DMAAbortOnError
                0x08003caa       0x10 CMakeFiles/STM32_freeRTOS.elf.dir/Drivers/STM32F4xx_HAL_Driver/Src/stm32f4xx_hal_uart.c.obj
 .text.HAL_UARTEx_RxEventCallback
                0x08003cba        0x2 CMakeFiles/STM32_freeRTOS.elf.dir/Drivers/STM32F4xx_HAL_Driver/Src/stm32f4xx_hal_uart.c.obj
                0x08003cba                HAL_UARTEx_RxEventCallback
 .text.UART_Receive_IT
                0x08003cbc       0xe2 CMakeFiles/STM32_freeRTOS.elf.dir/Drivers/STM32F4xx_HAL_Driver/Src/stm32f4xx_hal_uart.c.obj
 *fill*         0x08003d9e        0x2 
 .text.HAL_UART_IRQHandler
                0x08003da0      0x280 CMakeFiles/STM32_freeRTOS.elf.dir/Drivers/STM32F4xx_HAL_Driver/Src/stm32f4xx_hal_uart.c.obj
                0x08003da0                HAL_UART_IRQHandler
 .text.USB_CoreReset
                0x08004020       0x4c CMakeFiles/STM32_freeRTOS.elf.dir/Drivers/STM32F4xx_HAL_Driver/Src/stm32f4xx_ll_usb.c.obj
 .text.USB_CoreInit
                0x0800406c       0x8a CMakeFiles/STM32_freeRTOS.elf.dir/Drivers/STM32F4xx_HAL_Driver/Src/stm32f4xx_ll_usb.c.obj
                0x0800406c                USB_CoreInit
 *fill*         0x080040f6        0x2 
 .text.USB_SetTurnaroundTime
                0x080040f8       0xe4 CMakeFiles/STM32_freeRTOS.elf.dir/Drivers/STM32F4xx_HAL_Driver/Src/stm32f4xx_ll_usb.c.obj
                0x080040f8                USB_SetTurnaroundTime
 .text.USB_EnableGlobalInt
                0x080041dc        0xc CMakeFiles/STM32_freeRTOS.elf.dir/Drivers/STM32F4xx_HAL_Driver/Src/stm32f4xx_ll_usb.c.obj
                0x080041dc                USB_EnableGlobalInt
 .text.USB_DisableGlobalInt
                0x080041e8        0xc CMakeFiles/STM32_freeRTOS.elf.dir/Drivers/STM32F4xx_HAL_Driver/Src/stm32f4xx_ll_usb.c.obj
                0x080041e8                USB_DisableGlobalInt
 .text.USB_FlushTxFifo
                0x080041f4       0x30 CMakeFiles/STM32_freeRTOS.elf.dir/Drivers/STM32F4xx_HAL_Driver/Src/stm32f4xx_ll_usb.c.obj
                0x080041f4                USB_FlushTxFifo
 .text.USB_FlushRxFifo
                0x08004224       0x2c CMakeFiles/STM32_freeRTOS.elf.dir/Drivers/STM32F4xx_HAL_Driver/Src/stm32f4xx_ll_usb.c.obj
                0x08004224                USB_FlushRxFifo
 .text.USB_SetDevSpeed
                0x08004250        0xe CMakeFiles/STM32_freeRTOS.elf.dir/Drivers/STM32F4xx_HAL_Driver/Src/stm32f4xx_ll_usb.c.obj
                0x08004250                USB_SetDevSpeed
 *fill*         0x0800425e        0x2 
 .text.USB_DevInit
                0x08004260      0x190 CMakeFiles/STM32_freeRTOS.elf.dir/Drivers/STM32F4xx_HAL_Driver/Src/stm32f4xx_ll_usb.c.obj
                0x08004260                USB_DevInit
 .text.USB_GetDevSpeed
                0x080043f0       0x22 CMakeFiles/STM32_freeRTOS.elf.dir/Drivers/STM32F4xx_HAL_Driver/Src/stm32f4xx_ll_usb.c.obj
                0x080043f0                USB_GetDevSpeed
 .text.USB_ActivateEndpoint
                0x08004412       0x9c CMakeFiles/STM32_freeRTOS.elf.dir/Drivers/STM32F4xx_HAL_Driver/Src/stm32f4xx_ll_usb.c.obj
                0x08004412                USB_ActivateEndpoint
 *fill*         0x080044ae        0x2 
 .text.USB_DeactivateEndpoint
                0x080044b0       0xe0 CMakeFiles/STM32_freeRTOS.elf.dir/Drivers/STM32F4xx_HAL_Driver/Src/stm32f4xx_ll_usb.c.obj
                0x080044b0                USB_DeactivateEndpoint
 .text.USB_EP0StartXfer
                0x08004590      0x120 CMakeFiles/STM32_freeRTOS.elf.dir/Drivers/STM32F4xx_HAL_Driver/Src/stm32f4xx_ll_usb.c.obj
                0x08004590                USB_EP0StartXfer
 .text.USB_WritePacket
                0x080046b0       0x2e CMakeFiles/STM32_freeRTOS.elf.dir/Drivers/STM32F4xx_HAL_Driver/Src/stm32f4xx_ll_usb.c.obj
                0x080046b0                USB_WritePacket
 *fill*         0x080046de        0x2 
 .text.USB_EPStartXfer
                0x080046e0      0x238 CMakeFiles/STM32_freeRTOS.elf.dir/Drivers/STM32F4xx_HAL_Driver/Src/stm32f4xx_ll_usb.c.obj
                0x080046e0                USB_EPStartXfer
 .text.USB_ReadPacket
                0x08004918       0x54 CMakeFiles/STM32_freeRTOS.elf.dir/Drivers/STM32F4xx_HAL_Driver/Src/stm32f4xx_ll_usb.c.obj
                0x08004918                USB_ReadPacket
 .text.USB_EPSetStall
                0x0800496c       0x5a CMakeFiles/STM32_freeRTOS.elf.dir/Drivers/STM32F4xx_HAL_Driver/Src/stm32f4xx_ll_usb.c.obj
                0x0800496c                USB_EPSetStall
 .text.USB_EPClearStall
                0x080049c6       0x5c CMakeFiles/STM32_freeRTOS.elf.dir/Drivers/STM32F4xx_HAL_Driver/Src/stm32f4xx_ll_usb.c.obj
                0x080049c6                USB_EPClearStall
 .text.USB_SetDevAddress
                0x08004a22       0x20 CMakeFiles/STM32_freeRTOS.elf.dir/Drivers/STM32F4xx_HAL_Driver/Src/stm32f4xx_ll_usb.c.obj
                0x08004a22                USB_SetDevAddress
 .text.USB_DevConnect
                0x08004a42       0x1c CMakeFiles/STM32_freeRTOS.elf.dir/Drivers/STM32F4xx_HAL_Driver/Src/stm32f4xx_ll_usb.c.obj
                0x08004a42                USB_DevConnect
 .text.USB_DevDisconnect
                0x08004a5e       0x1c CMakeFiles/STM32_freeRTOS.elf.dir/Drivers/STM32F4xx_HAL_Driver/Src/stm32f4xx_ll_usb.c.obj
                0x08004a5e                USB_DevDisconnect
 .text.USB_ReadInterrupts
                0x08004a7a        0x8 CMakeFiles/STM32_freeRTOS.elf.dir/Drivers/STM32F4xx_HAL_Driver/Src/stm32f4xx_ll_usb.c.obj
                0x08004a7a                USB_ReadInterrupts
 .text.USB_ReadDevAllOutEpInterrupt
                0x08004a82       0x10 CMakeFiles/STM32_freeRTOS.elf.dir/Drivers/STM32F4xx_HAL_Driver/Src/stm32f4xx_ll_usb.c.obj
                0x08004a82                USB_ReadDevAllOutEpInterrupt
 .text.USB_ReadDevAllInEpInterrupt
                0x08004a92       0x10 CMakeFiles/STM32_freeRTOS.elf.dir/Drivers/STM32F4xx_HAL_Driver/Src/stm32f4xx_ll_usb.c.obj
                0x08004a92                USB_ReadDevAllInEpInterrupt
 .text.USB_ReadDevOutEPInterrupt
                0x08004aa2       0x12 CMakeFiles/STM32_freeRTOS.elf.dir/Drivers/STM32F4xx_HAL_Driver/Src/stm32f4xx_ll_usb.c.obj
                0x08004aa2                USB_ReadDevOutEPInterrupt
 .text.USB_ReadDevInEPInterrupt
                0x08004ab4       0x28 CMakeFiles/STM32_freeRTOS.elf.dir/Drivers/STM32F4xx_HAL_Driver/Src/stm32f4xx_ll_usb.c.obj
                0x08004ab4                USB_ReadDevInEPInterrupt
 .text.USB_GetMode
                0x08004adc        0x8 CMakeFiles/STM32_freeRTOS.elf.dir/Drivers/STM32F4xx_HAL_Driver/Src/stm32f4xx_ll_usb.c.obj
                0x08004adc                USB_GetMode
 .text.USB_SetCurrentMode
                0x08004ae4       0x62 CMakeFiles/STM32_freeRTOS.elf.dir/Drivers/STM32F4xx_HAL_Driver/Src/stm32f4xx_ll_usb.c.obj
                0x08004ae4                USB_SetCurrentMode
 .text.USB_ActivateSetup
                0x08004b46       0x20 CMakeFiles/STM32_freeRTOS.elf.dir/Drivers/STM32F4xx_HAL_Driver/Src/stm32f4xx_ll_usb.c.obj
                0x08004b46                USB_ActivateSetup
 *fill*         0x08004b66        0x2 
 .text.USB_EP0_OutStart
                0x08004b68       0x60 CMakeFiles/STM32_freeRTOS.elf.dir/Drivers/STM32F4xx_HAL_Driver/Src/stm32f4xx_ll_usb.c.obj
                0x08004b68                USB_EP0_OutStart
 .text.USBD_CDC_EP0_RxReady
                0x08004bc8       0x36 CMakeFiles/STM32_freeRTOS.elf.dir/Middlewares/ST/STM32_USB_Device_Library/Class/CDC/Src/usbd_cdc.c.obj
 *fill*         0x08004bfe        0x2 
 .text.USBD_CDC_GetFSCfgDesc
                0x08004c00        0xc CMakeFiles/STM32_freeRTOS.elf.dir/Middlewares/ST/STM32_USB_Device_Library/Class/CDC/Src/usbd_cdc.c.obj
 .text.USBD_CDC_GetHSCfgDesc
                0x08004c0c        0xc CMakeFiles/STM32_freeRTOS.elf.dir/Middlewares/ST/STM32_USB_Device_Library/Class/CDC/Src/usbd_cdc.c.obj
 .text.USBD_CDC_GetOtherSpeedCfgDesc
                0x08004c18        0xc CMakeFiles/STM32_freeRTOS.elf.dir/Middlewares/ST/STM32_USB_Device_Library/Class/CDC/Src/usbd_cdc.c.obj
 .text.USBD_CDC_GetDeviceQualifierDescriptor
                0x08004c24        0xc CMakeFiles/STM32_freeRTOS.elf.dir/Middlewares/ST/STM32_USB_Device_Library/Class/CDC/Src/usbd_cdc.c.obj
                0x08004c24                USBD_CDC_GetDeviceQualifierDescriptor
 .text.USBD_CDC_DataOut
                0x08004c30       0x2a CMakeFiles/STM32_freeRTOS.elf.dir/Middlewares/ST/STM32_USB_Device_Library/Class/CDC/Src/usbd_cdc.c.obj
 .text.USBD_CDC_DataIn
                0x08004c5a       0x6a CMakeFiles/STM32_freeRTOS.elf.dir/Middlewares/ST/STM32_USB_Device_Library/Class/CDC/Src/usbd_cdc.c.obj
 .text.USBD_CDC_Setup
                0x08004cc4       0xf4 CMakeFiles/STM32_freeRTOS.elf.dir/Middlewares/ST/STM32_USB_Device_Library/Class/CDC/Src/usbd_cdc.c.obj
 .text.USBD_CDC_DeInit
                0x08004db8       0x48 CMakeFiles/STM32_freeRTOS.elf.dir/Middlewares/ST/STM32_USB_Device_Library/Class/CDC/Src/usbd_cdc.c.obj
 .text.USBD_CDC_Init
                0x08004e00       0xc2 CMakeFiles/STM32_freeRTOS.elf.dir/Middlewares/ST/STM32_USB_Device_Library/Class/CDC/Src/usbd_cdc.c.obj
 .text.USBD_CDC_RegisterInterface
                0x08004ec2        0xe CMakeFiles/STM32_freeRTOS.elf.dir/Middlewares/ST/STM32_USB_Device_Library/Class/CDC/Src/usbd_cdc.c.obj
                0x08004ec2                USBD_CDC_RegisterInterface
 .text.USBD_CDC_SetTxBuffer
                0x08004ed0       0x16 CMakeFiles/STM32_freeRTOS.elf.dir/Middlewares/ST/STM32_USB_Device_Library/Class/CDC/Src/usbd_cdc.c.obj
                0x08004ed0                USBD_CDC_SetTxBuffer
 .text.USBD_CDC_SetRxBuffer
                0x08004ee6       0x12 CMakeFiles/STM32_freeRTOS.elf.dir/Middlewares/ST/STM32_USB_Device_Library/Class/CDC/Src/usbd_cdc.c.obj
                0x08004ee6                USBD_CDC_SetRxBuffer
 .text.USBD_CDC_TransmitPacket
                0x08004ef8       0x34 CMakeFiles/STM32_freeRTOS.elf.dir/Middlewares/ST/STM32_USB_Device_Library/Class/CDC/Src/usbd_cdc.c.obj
                0x08004ef8                USBD_CDC_TransmitPacket
 .text.USBD_CDC_ReceivePacket
                0x08004f2c       0x32 CMakeFiles/STM32_freeRTOS.elf.dir/Middlewares/ST/STM32_USB_Device_Library/Class/CDC/Src/usbd_cdc.c.obj
                0x08004f2c                USBD_CDC_ReceivePacket
 .text.USBD_Init
                0x08004f5e       0x2e CMakeFiles/STM32_freeRTOS.elf.dir/Middlewares/ST/STM32_USB_Device_Library/Core/Src/usbd_core.c.obj
                0x08004f5e                USBD_Init
 .text.USBD_RegisterClass
                0x08004f8c       0x2e CMakeFiles/STM32_freeRTOS.elf.dir/Middlewares/ST/STM32_USB_Device_Library/Core/Src/usbd_core.c.obj
                0x08004f8c                USBD_RegisterClass
 .text.USBD_Start
                0x08004fba        0x8 CMakeFiles/STM32_freeRTOS.elf.dir/Middlewares/ST/STM32_USB_Device_Library/Core/Src/usbd_core.c.obj
                0x08004fba                USBD_Start
 .text.USBD_SetClassConfig
                0x08004fc2       0x12 CMakeFiles/STM32_freeRTOS.elf.dir/Middlewares/ST/STM32_USB_Device_Library/Core/Src/usbd_core.c.obj
                0x08004fc2                USBD_SetClassConfig
 .text.USBD_ClrClassConfig
                0x08004fd4       0x10 CMakeFiles/STM32_freeRTOS.elf.dir/Middlewares/ST/STM32_USB_Device_Library/Core/Src/usbd_core.c.obj
                0x08004fd4                USBD_ClrClassConfig
 .text.USBD_LL_SetupStage
                0x08004fe4       0x58 CMakeFiles/STM32_freeRTOS.elf.dir/Middlewares/ST/STM32_USB_Device_Library/Core/Src/usbd_core.c.obj
                0x08004fe4                USBD_LL_SetupStage
 .text.USBD_LL_DataOutStage
                0x0800503c       0x78 CMakeFiles/STM32_freeRTOS.elf.dir/Middlewares/ST/STM32_USB_Device_Library/Core/Src/usbd_core.c.obj
                0x0800503c                USBD_LL_DataOutStage
 .text.USBD_LL_DataInStage
                0x080050b4       0xbe CMakeFiles/STM32_freeRTOS.elf.dir/Middlewares/ST/STM32_USB_Device_Library/Core/Src/usbd_core.c.obj
                0x080050b4                USBD_LL_DataInStage
 .text.USBD_LL_Reset
                0x08005172       0x5a CMakeFiles/STM32_freeRTOS.elf.dir/Middlewares/ST/STM32_USB_Device_Library/Core/Src/usbd_core.c.obj
                0x08005172                USBD_LL_Reset
 .text.USBD_LL_SetSpeed
                0x080051cc        0x6 CMakeFiles/STM32_freeRTOS.elf.dir/Middlewares/ST/STM32_USB_Device_Library/Core/Src/usbd_core.c.obj
                0x080051cc                USBD_LL_SetSpeed
 .text.USBD_LL_Suspend
                0x080051d2       0x14 CMakeFiles/STM32_freeRTOS.elf.dir/Middlewares/ST/STM32_USB_Device_Library/Core/Src/usbd_core.c.obj
                0x080051d2                USBD_LL_Suspend
 .text.USBD_LL_Resume
                0x080051e6       0x1a CMakeFiles/STM32_freeRTOS.elf.dir/Middlewares/ST/STM32_USB_Device_Library/Core/Src/usbd_core.c.obj
                0x080051e6                USBD_LL_Resume
 .text.USBD_LL_SOF
                0x08005200       0x28 CMakeFiles/STM32_freeRTOS.elf.dir/Middlewares/ST/STM32_USB_Device_Library/Core/Src/usbd_core.c.obj
                0x08005200                USBD_LL_SOF
 .text.USBD_LL_IsoINIncomplete
                0x08005228       0x28 CMakeFiles/STM32_freeRTOS.elf.dir/Middlewares/ST/STM32_USB_Device_Library/Core/Src/usbd_core.c.obj
                0x08005228                USBD_LL_IsoINIncomplete
 .text.USBD_LL_IsoOUTIncomplete
                0x08005250       0x28 CMakeFiles/STM32_freeRTOS.elf.dir/Middlewares/ST/STM32_USB_Device_Library/Core/Src/usbd_core.c.obj
                0x08005250                USBD_LL_IsoOUTIncomplete
 .text.USBD_LL_DevConnected
                0x08005278        0x4 CMakeFiles/STM32_freeRTOS.elf.dir/Middlewares/ST/STM32_USB_Device_Library/Core/Src/usbd_core.c.obj
                0x08005278                USBD_LL_DevConnected
 .text.USBD_LL_DevDisconnected
                0x0800527c       0x18 CMakeFiles/STM32_freeRTOS.elf.dir/Middlewares/ST/STM32_USB_Device_Library/Core/Src/usbd_core.c.obj
                0x0800527c                USBD_LL_DevDisconnected
 .text.USBD_GetLen
                0x08005294       0x14 CMakeFiles/STM32_freeRTOS.elf.dir/Middlewares/ST/STM32_USB_Device_Library/Core/Src/usbd_ctlreq.c.obj
 .text.USBD_SetFeature
                0x080052a8       0x14 CMakeFiles/STM32_freeRTOS.elf.dir/Middlewares/ST/STM32_USB_Device_Library/Core/Src/usbd_ctlreq.c.obj
 .text.USBD_ParseSetupRequest
                0x080052bc       0x28 CMakeFiles/STM32_freeRTOS.elf.dir/Middlewares/ST/STM32_USB_Device_Library/Core/Src/usbd_ctlreq.c.obj
                0x080052bc                USBD_ParseSetupRequest
 .text.USBD_CtlError
                0x080052e4       0x14 CMakeFiles/STM32_freeRTOS.elf.dir/Middlewares/ST/STM32_USB_Device_Library/Core/Src/usbd_ctlreq.c.obj
                0x080052e4                USBD_CtlError
 .text.USBD_GetDescriptor
                0x080052f8      0x18a CMakeFiles/STM32_freeRTOS.elf.dir/Middlewares/ST/STM32_USB_Device_Library/Core/Src/usbd_ctlreq.c.obj
 .text.USBD_SetAddress
                0x08005482       0x50 CMakeFiles/STM32_freeRTOS.elf.dir/Middlewares/ST/STM32_USB_Device_Library/Core/Src/usbd_ctlreq.c.obj
 *fill*         0x080054d2        0x2 
 .text.USBD_SetConfig
                0x080054d4       0xc8 CMakeFiles/STM32_freeRTOS.elf.dir/Middlewares/ST/STM32_USB_Device_Library/Core/Src/usbd_ctlreq.c.obj
 .text.USBD_GetConfig
                0x0800559c       0x40 CMakeFiles/STM32_freeRTOS.elf.dir/Middlewares/ST/STM32_USB_Device_Library/Core/Src/usbd_ctlreq.c.obj
 .text.USBD_GetStatus
                0x080055dc       0x38 CMakeFiles/STM32_freeRTOS.elf.dir/Middlewares/ST/STM32_USB_Device_Library/Core/Src/usbd_ctlreq.c.obj
 .text.USBD_ClrFeature
                0x08005614       0x26 CMakeFiles/STM32_freeRTOS.elf.dir/Middlewares/ST/STM32_USB_Device_Library/Core/Src/usbd_ctlreq.c.obj
 .text.USBD_StdDevReq
                0x0800563a       0x70 CMakeFiles/STM32_freeRTOS.elf.dir/Middlewares/ST/STM32_USB_Device_Library/Core/Src/usbd_ctlreq.c.obj
                0x0800563a                USBD_StdDevReq
 .text.USBD_StdItfReq
                0x080056aa       0x68 CMakeFiles/STM32_freeRTOS.elf.dir/Middlewares/ST/STM32_USB_Device_Library/Core/Src/usbd_ctlreq.c.obj
                0x080056aa                USBD_StdItfReq
 .text.USBD_StdEPReq
                0x08005712      0x1ec CMakeFiles/STM32_freeRTOS.elf.dir/Middlewares/ST/STM32_USB_Device_Library/Core/Src/usbd_ctlreq.c.obj
                0x08005712                USBD_StdEPReq
 .text.USBD_GetString
                0x080058fe       0x3a CMakeFiles/STM32_freeRTOS.elf.dir/Middlewares/ST/STM32_USB_Device_Library/Core/Src/usbd_ctlreq.c.obj
                0x080058fe                USBD_GetString
 .text.USBD_CtlSendData
                0x08005938       0x1a CMakeFiles/STM32_freeRTOS.elf.dir/Middlewares/ST/STM32_USB_Device_Library/Core/Src/usbd_ioreq.c.obj
                0x08005938                USBD_CtlSendData
 .text.USBD_CtlContinueSendData
                0x08005952       0x10 CMakeFiles/STM32_freeRTOS.elf.dir/Middlewares/ST/STM32_USB_Device_Library/Core/Src/usbd_ioreq.c.obj
                0x08005952                USBD_CtlContinueSendData
 .text.USBD_CtlPrepareRx
                0x08005962       0x1e CMakeFiles/STM32_freeRTOS.elf.dir/Middlewares/ST/STM32_USB_Device_Library/Core/Src/usbd_ioreq.c.obj
                0x08005962                USBD_CtlPrepareRx
 .text.USBD_CtlContinueRx
                0x08005980       0x10 CMakeFiles/STM32_freeRTOS.elf.dir/Middlewares/ST/STM32_USB_Device_Library/Core/Src/usbd_ioreq.c.obj
                0x08005980                USBD_CtlContinueRx
 .text.USBD_CtlSendStatus
                0x08005990       0x16 CMakeFiles/STM32_freeRTOS.elf.dir/Middlewares/ST/STM32_USB_Device_Library/Core/Src/usbd_ioreq.c.obj
                0x08005990                USBD_CtlSendStatus
 .text.USBD_CtlReceiveStatus
                0x080059a6       0x16 CMakeFiles/STM32_freeRTOS.elf.dir/Middlewares/ST/STM32_USB_Device_Library/Core/Src/usbd_ioreq.c.obj
                0x080059a6                USBD_CtlReceiveStatus
 .text.makeFreeRtosPriority
                0x080059bc        0xc CMakeFiles/STM32_freeRTOS.elf.dir/Middlewares/Third_Party/FreeRTOS/Source/CMSIS_RTOS/cmsis_os.c.obj
 .text.osKernelStart
                0x080059c8        0xa CMakeFiles/STM32_freeRTOS.elf.dir/Middlewares/Third_Party/FreeRTOS/Source/CMSIS_RTOS/cmsis_os.c.obj
                0x080059c8                osKernelStart
 .text.osThreadCreate
                0x080059d2       0x6a CMakeFiles/STM32_freeRTOS.elf.dir/Middlewares/Third_Party/FreeRTOS/Source/CMSIS_RTOS/cmsis_os.c.obj
                0x080059d2                osThreadCreate
 .text.osDelay  0x08005a3c        0xe CMakeFiles/STM32_freeRTOS.elf.dir/Middlewares/Third_Party/FreeRTOS/Source/CMSIS_RTOS/cmsis_os.c.obj
                0x08005a3c                osDelay
 .text.vListInitialise
                0x08005a4a       0x16 CMakeFiles/STM32_freeRTOS.elf.dir/Middlewares/Third_Party/FreeRTOS/Source/list.c.obj
                0x08005a4a                vListInitialise
 .text.vListInitialiseItem
                0x08005a60        0x6 CMakeFiles/STM32_freeRTOS.elf.dir/Middlewares/Third_Party/FreeRTOS/Source/list.c.obj
                0x08005a60                vListInitialiseItem
 .text.vListInsertEnd
                0x08005a66       0x16 CMakeFiles/STM32_freeRTOS.elf.dir/Middlewares/Third_Party/FreeRTOS/Source/list.c.obj
                0x08005a66                vListInsertEnd
 .text.vListInsert
                0x08005a7c       0x32 CMakeFiles/STM32_freeRTOS.elf.dir/Middlewares/Third_Party/FreeRTOS/Source/list.c.obj
                0x08005a7c                vListInsert
 .text.uxListRemove
                0x08005aae       0x26 CMakeFiles/STM32_freeRTOS.elf.dir/Middlewares/Third_Party/FreeRTOS/Source/list.c.obj
                0x08005aae                uxListRemove
 .text.prvTaskExitError
                0x08005ad4       0x40 CMakeFiles/STM32_freeRTOS.elf.dir/Middlewares/Third_Party/FreeRTOS/Source/portable/GCC/ARM_CM4F/port.c.obj
 .text.prvPortStartFirstTask
                0x08005b14       0x28 CMakeFiles/STM32_freeRTOS.elf.dir/Middlewares/Third_Party/FreeRTOS/Source/portable/GCC/ARM_CM4F/port.c.obj
 .text.vPortEnableVFP
                0x08005b3c       0x14 CMakeFiles/STM32_freeRTOS.elf.dir/Middlewares/Third_Party/FreeRTOS/Source/portable/GCC/ARM_CM4F/port.c.obj
 .text.pxPortInitialiseStack
                0x08005b50       0x2c CMakeFiles/STM32_freeRTOS.elf.dir/Middlewares/Third_Party/FreeRTOS/Source/portable/GCC/ARM_CM4F/port.c.obj
                0x08005b50                pxPortInitialiseStack
 *fill*         0x08005b7c        0x4 
 .text.SVC_Handler
                0x08005b80       0x24 CMakeFiles/STM32_freeRTOS.elf.dir/Middlewares/Third_Party/FreeRTOS/Source/portable/GCC/ARM_CM4F/port.c.obj
                0x08005b80                SVC_Handler
 .text.vPortEnterCritical
                0x08005ba4       0x44 CMakeFiles/STM32_freeRTOS.elf.dir/Middlewares/Third_Party/FreeRTOS/Source/portable/GCC/ARM_CM4F/port.c.obj
                0x08005ba4                vPortEnterCritical
 .text.vPortExitCritical
                0x08005be8       0x2c CMakeFiles/STM32_freeRTOS.elf.dir/Middlewares/Third_Party/FreeRTOS/Source/portable/GCC/ARM_CM4F/port.c.obj
                0x08005be8                vPortExitCritical
 *fill*         0x08005c14        0xc 
 .text.PendSV_Handler
                0x08005c20       0x64 CMakeFiles/STM32_freeRTOS.elf.dir/Middlewares/Third_Party/FreeRTOS/Source/portable/GCC/ARM_CM4F/port.c.obj
                0x08005c20                PendSV_Handler
 .text.xPortSysTickHandler
                0x08005c84       0x2c CMakeFiles/STM32_freeRTOS.elf.dir/Middlewares/Third_Party/FreeRTOS/Source/portable/GCC/ARM_CM4F/port.c.obj
                0x08005c84                xPortSysTickHandler
 .text.vPortSetupTimerInterrupt
                0x08005cb0       0x28 CMakeFiles/STM32_freeRTOS.elf.dir/Middlewares/Third_Party/FreeRTOS/Source/portable/GCC/ARM_CM4F/port.c.obj
                0x08005cb0                vPortSetupTimerInterrupt
 .text.xPortStartScheduler
                0x08005cd8      0x118 CMakeFiles/STM32_freeRTOS.elf.dir/Middlewares/Third_Party/FreeRTOS/Source/portable/GCC/ARM_CM4F/port.c.obj
                0x08005cd8                xPortStartScheduler
 .text.prvHeapInit
                0x08005df0       0x64 CMakeFiles/STM32_freeRTOS.elf.dir/Middlewares/Third_Party/FreeRTOS/Source/portable/MemMang/heap_4.c.obj
 .text.prvInsertBlockIntoFreeList
                0x08005e54       0x64 CMakeFiles/STM32_freeRTOS.elf.dir/Middlewares/Third_Party/FreeRTOS/Source/portable/MemMang/heap_4.c.obj
 .text.pvPortMalloc
                0x08005eb8       0xfc CMakeFiles/STM32_freeRTOS.elf.dir/Middlewares/Third_Party/FreeRTOS/Source/portable/MemMang/heap_4.c.obj
                0x08005eb8                pvPortMalloc
 .text.vPortFree
                0x08005fb4       0x7c CMakeFiles/STM32_freeRTOS.elf.dir/Middlewares/Third_Party/FreeRTOS/Source/portable/MemMang/heap_4.c.obj
                0x08005fb4                vPortFree
 .text.prvIsQueueFull
                0x08006030       0x1e CMakeFiles/STM32_freeRTOS.elf.dir/Middlewares/Third_Party/FreeRTOS/Source/queue.c.obj
 .text.prvIsQueueEmpty
                0x0800604e       0x1a CMakeFiles/STM32_freeRTOS.elf.dir/Middlewares/Third_Party/FreeRTOS/Source/queue.c.obj
 .text.prvCopyDataToQueue
                0x08006068       0x76 CMakeFiles/STM32_freeRTOS.elf.dir/Middlewares/Third_Party/FreeRTOS/Source/queue.c.obj
 .text.prvCopyDataFromQueue
                0x080060de       0x24 CMakeFiles/STM32_freeRTOS.elf.dir/Middlewares/Third_Party/FreeRTOS/Source/queue.c.obj
 .text.prvUnlockQueue
                0x08006102       0x6e CMakeFiles/STM32_freeRTOS.elf.dir/Middlewares/Third_Party/FreeRTOS/Source/queue.c.obj
 .text.xQueueGenericReset
                0x08006170       0x84 CMakeFiles/STM32_freeRTOS.elf.dir/Middlewares/Third_Party/FreeRTOS/Source/queue.c.obj
                0x08006170                xQueueGenericReset
 .text.prvInitialiseNewQueue
                0x080061f4       0x1c CMakeFiles/STM32_freeRTOS.elf.dir/Middlewares/Third_Party/FreeRTOS/Source/queue.c.obj
 .text.xQueueGenericCreate
                0x08006210       0x48 CMakeFiles/STM32_freeRTOS.elf.dir/Middlewares/Third_Party/FreeRTOS/Source/queue.c.obj
                0x08006210                xQueueGenericCreate
 .text.xQueueGenericSend
                0x08006258      0x188 CMakeFiles/STM32_freeRTOS.elf.dir/Middlewares/Third_Party/FreeRTOS/Source/queue.c.obj
                0x08006258                xQueueGenericSend
 .text.xQueueReceive
                0x080063e0      0x15e CMakeFiles/STM32_freeRTOS.elf.dir/Middlewares/Third_Party/FreeRTOS/Source/queue.c.obj
                0x080063e0                xQueueReceive
 *fill*         0x0800653e        0x2 
 .text.prvResetNextTaskUnblockTime
                0x08006540       0x2c CMakeFiles/STM32_freeRTOS.elf.dir/Middlewares/Third_Party/FreeRTOS/Source/tasks.c.obj
 .text.prvInitialiseNewTask
                0x0800656c       0xa6 CMakeFiles/STM32_freeRTOS.elf.dir/Middlewares/Third_Party/FreeRTOS/Source/tasks.c.obj
 *fill*         0x08006612        0x2 
 .text.prvInitialiseTaskLists
                0x08006614       0x68 CMakeFiles/STM32_freeRTOS.elf.dir/Middlewares/Third_Party/FreeRTOS/Source/tasks.c.obj
 .text.prvAddNewTaskToReadyList
                0x0800667c       0xa8 CMakeFiles/STM32_freeRTOS.elf.dir/Middlewares/Third_Party/FreeRTOS/Source/tasks.c.obj
 .text.prvDeleteTCB
                0x08006724       0x38 CMakeFiles/STM32_freeRTOS.elf.dir/Middlewares/Third_Party/FreeRTOS/Source/tasks.c.obj
 .text.prvCheckTasksWaitingTermination
                0x0800675c       0x4c CMakeFiles/STM32_freeRTOS.elf.dir/Middlewares/Third_Party/FreeRTOS/Source/tasks.c.obj
 .text.prvIdleTask
                0x080067a8       0x28 CMakeFiles/STM32_freeRTOS.elf.dir/Middlewares/Third_Party/FreeRTOS/Source/tasks.c.obj
 .text.prvAddCurrentTaskToDelayedList
                0x080067d0       0xa0 CMakeFiles/STM32_freeRTOS.elf.dir/Middlewares/Third_Party/FreeRTOS/Source/tasks.c.obj
 .text.xTaskCreateStatic
                0x08006870       0x76 CMakeFiles/STM32_freeRTOS.elf.dir/Middlewares/Third_Party/FreeRTOS/Source/tasks.c.obj
                0x08006870                xTaskCreateStatic
 .text.xTaskCreate
                0x080068e6       0x68 CMakeFiles/STM32_freeRTOS.elf.dir/Middlewares/Third_Party/FreeRTOS/Source/tasks.c.obj
                0x080068e6                xTaskCreate
 *fill*         0x0800694e        0x2 
 .text.vTaskDelete
                0x08006950       0xe0 CMakeFiles/STM32_freeRTOS.elf.dir/Middlewares/Third_Party/FreeRTOS/Source/tasks.c.obj
                0x08006950                vTaskDelete
 .text.vTaskStartScheduler
                0x08006a30       0x74 CMakeFiles/STM32_freeRTOS.elf.dir/Middlewares/Third_Party/FreeRTOS/Source/tasks.c.obj
                0x08006a30                vTaskStartScheduler
 .text.vTaskSuspendAll
                0x08006aa4       0x10 CMakeFiles/STM32_freeRTOS.elf.dir/Middlewares/Third_Party/FreeRTOS/Source/tasks.c.obj
                0x08006aa4                vTaskSuspendAll
 .text.xTaskIncrementTick
                0x08006ab4      0x118 CMakeFiles/STM32_freeRTOS.elf.dir/Middlewares/Third_Party/FreeRTOS/Source/tasks.c.obj
                0x08006ab4                xTaskIncrementTick
 .text.xTaskResumeAll
                0x08006bcc       0xf8 CMakeFiles/STM32_freeRTOS.elf.dir/Middlewares/Third_Party/FreeRTOS/Source/tasks.c.obj
                0x08006bcc                xTaskResumeAll
 .text.vTaskDelay
                0x08006cc4       0x4c CMakeFiles/STM32_freeRTOS.elf.dir/Middlewares/Third_Party/FreeRTOS/Source/tasks.c.obj
                0x08006cc4                vTaskDelay
 .text.vTaskSwitchContext
                0x08006d10       0x98 CMakeFiles/STM32_freeRTOS.elf.dir/Middlewares/Third_Party/FreeRTOS/Source/tasks.c.obj
                0x08006d10                vTaskSwitchContext
 .text.vTaskPlaceOnEventList
                0x08006da8       0x30 CMakeFiles/STM32_freeRTOS.elf.dir/Middlewares/Third_Party/FreeRTOS/Source/tasks.c.obj
                0x08006da8                vTaskPlaceOnEventList
 .text.xTaskRemoveFromEventList
                0x08006dd8       0x8c CMakeFiles/STM32_freeRTOS.elf.dir/Middlewares/Third_Party/FreeRTOS/Source/tasks.c.obj
                0x08006dd8                xTaskRemoveFromEventList
 .text.vTaskInternalSetTimeOutState
                0x08006e64       0x18 CMakeFiles/STM32_freeRTOS.elf.dir/Middlewares/Third_Party/FreeRTOS/Source/tasks.c.obj
                0x08006e64                vTaskInternalSetTimeOutState
 .text.xTaskCheckForTimeOut
                0x08006e7c       0xa0 CMakeFiles/STM32_freeRTOS.elf.dir/Middlewares/Third_Party/FreeRTOS/Source/tasks.c.obj
                0x08006e7c                xTaskCheckForTimeOut
 .text.vTaskMissedYield
                0x08006f1c        0xc CMakeFiles/STM32_freeRTOS.elf.dir/Middlewares/Third_Party/FreeRTOS/Source/tasks.c.obj
                0x08006f1c                vTaskMissedYield
 .text.xTaskGetSchedulerState
                0x08006f28       0x20 CMakeFiles/STM32_freeRTOS.elf.dir/Middlewares/Third_Party/FreeRTOS/Source/tasks.c.obj
                0x08006f28                xTaskGetSchedulerState
 .text.xTaskPriorityDisinherit
                0x08006f48       0xb4 CMakeFiles/STM32_freeRTOS.elf.dir/Middlewares/Third_Party/FreeRTOS/Source/tasks.c.obj
                0x08006f48                xTaskPriorityDisinherit
 .text.MX_USB_DEVICE_Init
                0x08006ffc       0x54 CMakeFiles/STM32_freeRTOS.elf.dir/USB_DEVICE/App/usb_device.c.obj
                0x08006ffc                MX_USB_DEVICE_Init
 .text.CDC_DeInit_FS
                0x08007050        0x4 CMakeFiles/STM32_freeRTOS.elf.dir/USB_DEVICE/App/usbd_cdc_if.c.obj
 .text.CDC_Control_FS
                0x08007054        0x4 CMakeFiles/STM32_freeRTOS.elf.dir/USB_DEVICE/App/usbd_cdc_if.c.obj
 .text.CDC_TransmitCplt_FS
                0x08007058        0x4 CMakeFiles/STM32_freeRTOS.elf.dir/USB_DEVICE/App/usbd_cdc_if.c.obj
 .text.CDC_Receive_FS
                0x0800705c       0x24 CMakeFiles/STM32_freeRTOS.elf.dir/USB_DEVICE/App/usbd_cdc_if.c.obj
 .text.CDC_Init_FS
                0x08007080       0x28 CMakeFiles/STM32_freeRTOS.elf.dir/USB_DEVICE/App/usbd_cdc_if.c.obj
 .text.CDC_Transmit_FS
                0x080070a8       0x2c CMakeFiles/STM32_freeRTOS.elf.dir/USB_DEVICE/App/usbd_cdc_if.c.obj
                0x080070a8                CDC_Transmit_FS
 .text.USBD_FS_DeviceDescriptor
                0x080070d4        0xc CMakeFiles/STM32_freeRTOS.elf.dir/USB_DEVICE/App/usbd_desc.c.obj
                0x080070d4                USBD_FS_DeviceDescriptor
 .text.USBD_FS_LangIDStrDescriptor
                0x080070e0        0xc CMakeFiles/STM32_freeRTOS.elf.dir/USB_DEVICE/App/usbd_desc.c.obj
                0x080070e0                USBD_FS_LangIDStrDescriptor
 .text.IntToUnicode
                0x080070ec       0x46 CMakeFiles/STM32_freeRTOS.elf.dir/USB_DEVICE/App/usbd_desc.c.obj
 *fill*         0x08007132        0x2 
 .text.Get_SerialNum
                0x08007134       0x38 CMakeFiles/STM32_freeRTOS.elf.dir/USB_DEVICE/App/usbd_desc.c.obj
 .text.USBD_FS_SerialStrDescriptor
                0x0800716c       0x14 CMakeFiles/STM32_freeRTOS.elf.dir/USB_DEVICE/App/usbd_desc.c.obj
                0x0800716c                USBD_FS_SerialStrDescriptor
 .text.USBD_FS_ProductStrDescriptor
                0x08007180       0x24 CMakeFiles/STM32_freeRTOS.elf.dir/USB_DEVICE/App/usbd_desc.c.obj
                0x08007180                USBD_FS_ProductStrDescriptor
 .text.USBD_FS_ManufacturerStrDescriptor
                0x080071a4       0x1c CMakeFiles/STM32_freeRTOS.elf.dir/USB_DEVICE/App/usbd_desc.c.obj
                0x080071a4                USBD_FS_ManufacturerStrDescriptor
 .text.USBD_FS_ConfigStrDescriptor
                0x080071c0       0x24 CMakeFiles/STM32_freeRTOS.elf.dir/USB_DEVICE/App/usbd_desc.c.obj
                0x080071c0                USBD_FS_ConfigStrDescriptor
 .text.USBD_FS_InterfaceStrDescriptor
                0x080071e4       0x24 CMakeFiles/STM32_freeRTOS.elf.dir/USB_DEVICE/App/usbd_desc.c.obj
                0x080071e4                USBD_FS_InterfaceStrDescriptor
 .text.HAL_PCD_MspInit
                0x08007208       0x84 CMakeFiles/STM32_freeRTOS.elf.dir/USB_DEVICE/Target/usbd_conf.c.obj
                0x08007208                HAL_PCD_MspInit
 .text.HAL_PCD_SetupStageCallback
                0x0800728c       0x10 CMakeFiles/STM32_freeRTOS.elf.dir/USB_DEVICE/Target/usbd_conf.c.obj
                0x0800728c                HAL_PCD_SetupStageCallback
 .text.HAL_PCD_DataOutStageCallback
                0x0800729c       0x18 CMakeFiles/STM32_freeRTOS.elf.dir/USB_DEVICE/Target/usbd_conf.c.obj
                0x0800729c                HAL_PCD_DataOutStageCallback
 .text.HAL_PCD_DataInStageCallback
                0x080072b4       0x16 CMakeFiles/STM32_freeRTOS.elf.dir/USB_DEVICE/Target/usbd_conf.c.obj
                0x080072b4                HAL_PCD_DataInStageCallback
 .text.HAL_PCD_SOFCallback
                0x080072ca        0xc CMakeFiles/STM32_freeRTOS.elf.dir/USB_DEVICE/Target/usbd_conf.c.obj
                0x080072ca                HAL_PCD_SOFCallback
 .text.HAL_PCD_ResetCallback
                0x080072d6       0x2c CMakeFiles/STM32_freeRTOS.elf.dir/USB_DEVICE/Target/usbd_conf.c.obj
                0x080072d6                HAL_PCD_ResetCallback
 *fill*         0x08007302        0x2 
 .text.HAL_PCD_SuspendCallback
                0x08007304       0x30 CMakeFiles/STM32_freeRTOS.elf.dir/USB_DEVICE/Target/usbd_conf.c.obj
                0x08007304                HAL_PCD_SuspendCallback
 .text.HAL_PCD_ResumeCallback
                0x08007334        0xc CMakeFiles/STM32_freeRTOS.elf.dir/USB_DEVICE/Target/usbd_conf.c.obj
                0x08007334                HAL_PCD_ResumeCallback
 .text.HAL_PCD_ISOOUTIncompleteCallback
                0x08007340        0xc CMakeFiles/STM32_freeRTOS.elf.dir/USB_DEVICE/Target/usbd_conf.c.obj
                0x08007340                HAL_PCD_ISOOUTIncompleteCallback
 .text.HAL_PCD_ISOINIncompleteCallback
                0x0800734c        0xc CMakeFiles/STM32_freeRTOS.elf.dir/USB_DEVICE/Target/usbd_conf.c.obj
                0x0800734c                HAL_PCD_ISOINIncompleteCallback
 .text.HAL_PCD_ConnectCallback
                0x08007358        0xc CMakeFiles/STM32_freeRTOS.elf.dir/USB_DEVICE/Target/usbd_conf.c.obj
                0x08007358                HAL_PCD_ConnectCallback
 .text.HAL_PCD_DisconnectCallback
                0x08007364        0xc CMakeFiles/STM32_freeRTOS.elf.dir/USB_DEVICE/Target/usbd_conf.c.obj
                0x08007364                HAL_PCD_DisconnectCallback
 .text.USBD_LL_Init
                0x08007370       0x68 CMakeFiles/STM32_freeRTOS.elf.dir/USB_DEVICE/Target/usbd_conf.c.obj
                0x08007370                USBD_LL_Init
 .text.USBD_LL_IsStallEP
                0x080073d8       0x2e CMakeFiles/STM32_freeRTOS.elf.dir/USB_DEVICE/Target/usbd_conf.c.obj
                0x080073d8                USBD_LL_IsStallEP
 .text.USBD_LL_GetRxDataSize
                0x08007406        0xc CMakeFiles/STM32_freeRTOS.elf.dir/USB_DEVICE/Target/usbd_conf.c.obj
                0x08007406                USBD_LL_GetRxDataSize
 *fill*         0x08007412        0x2 
 .text.USBD_static_malloc
                0x08007414        0x8 CMakeFiles/STM32_freeRTOS.elf.dir/USB_DEVICE/Target/usbd_conf.c.obj
                0x08007414                USBD_static_malloc
 .text.USBD_static_free
                0x0800741c        0x2 CMakeFiles/STM32_freeRTOS.elf.dir/USB_DEVICE/Target/usbd_conf.c.obj
                0x0800741c                USBD_static_free
 .text.USBD_Get_USB_Status
                0x0800741e       0x14 CMakeFiles/STM32_freeRTOS.elf.dir/USB_DEVICE/Target/usbd_conf.c.obj
                0x0800741e                USBD_Get_USB_Status
 .text.USBD_LL_Start
                0x08007432       0x10 CMakeFiles/STM32_freeRTOS.elf.dir/USB_DEVICE/Target/usbd_conf.c.obj
                0x08007432                USBD_LL_Start
 .text.USBD_LL_OpenEP
                0x08007442       0x16 CMakeFiles/STM32_freeRTOS.elf.dir/USB_DEVICE/Target/usbd_conf.c.obj
                0x08007442                USBD_LL_OpenEP
 .text.USBD_LL_CloseEP
                0x08007458       0x10 CMakeFiles/STM32_freeRTOS.elf.dir/USB_DEVICE/Target/usbd_conf.c.obj
                0x08007458                USBD_LL_CloseEP
 .text.USBD_LL_StallEP
                0x08007468       0x10 CMakeFiles/STM32_freeRTOS.elf.dir/USB_DEVICE/Target/usbd_conf.c.obj
                0x08007468                USBD_LL_StallEP
 .text.USBD_LL_ClearStallEP
                0x08007478       0x10 CMakeFiles/STM32_freeRTOS.elf.dir/USB_DEVICE/Target/usbd_conf.c.obj
                0x08007478                USBD_LL_ClearStallEP
 .text.USBD_LL_SetUSBAddress
                0x08007488       0x10 CMakeFiles/STM32_freeRTOS.elf.dir/USB_DEVICE/Target/usbd_conf.c.obj
                0x08007488                USBD_LL_SetUSBAddress
 .text.USBD_LL_Transmit
                0x08007498       0x10 CMakeFiles/STM32_freeRTOS.elf.dir/USB_DEVICE/Target/usbd_conf.c.obj
                0x08007498                USBD_LL_Transmit
 .text.USBD_LL_PrepareReceive
                0x080074a8       0x10 CMakeFiles/STM32_freeRTOS.elf.dir/USB_DEVICE/Target/usbd_conf.c.obj
                0x080074a8                USBD_LL_PrepareReceive
 .text.usb_task
                0x080074b8       0x3c CMakeFiles/STM32_freeRTOS.elf.dir/USB_Task/USB_Task.c.obj
                0x080074b8                usb_task
 .text.green_led_task
                0x080074f4       0x50 CMakeFiles/STM32_freeRTOS.elf.dir/USB_Task/USB_Task.c.obj
                0x080074f4                green_led_task
 .text.encode_send_data
                0x08007544       0x78 CMakeFiles/STM32_freeRTOS.elf.dir/Comunication/Packet.c.obj
 .text.rm_queue_data
                0x080075bc       0x28 CMakeFiles/STM32_freeRTOS.elf.dir/Comunication/Packet.c.obj
                0x080075bc                rm_queue_data
 .text.rm_dequeue_send_data
                0x080075e4       0x46 CMakeFiles/STM32_freeRTOS.elf.dir/Comunication/Packet.c.obj
                0x080075e4                rm_dequeue_send_data
 *fill*         0x0800762a        0x2 
 .text.usb_receiver
                0x0800762c       0x14 CMakeFiles/STM32_freeRTOS.elf.dir/Comunication/Decode.c.obj
                0x0800762c                usb_receiver
 .text.decode_data_solve
                0x08007640       0x5c CMakeFiles/STM32_freeRTOS.elf.dir/Comunication/Decode.c.obj
                0x08007640                decode_data_solve
 .text.decode_unpack_fifo_data
                0x0800769c      0x164 CMakeFiles/STM32_freeRTOS.elf.dir/Comunication/Decode.c.obj
                0x0800769c                decode_unpack_fifo_data
 .text.decode_task
                0x08007800       0x30 CMakeFiles/STM32_freeRTOS.elf.dir/Comunication/Decode.c.obj
                0x08007800                decode_task
 .text.fifo_s_init
                0x08007830       0x16 CMakeFiles/STM32_freeRTOS.elf.dir/Comunication/fifo.c.obj
                0x08007830                fifo_s_init
 .text.fifo_s_puts
                0x08007846       0x7e CMakeFiles/STM32_freeRTOS.elf.dir/Comunication/fifo.c.obj
                0x08007846                fifo_s_puts
 .text.fifo_s_get
                0x080078c4       0x2e CMakeFiles/STM32_freeRTOS.elf.dir/Comunication/fifo.c.obj
                0x080078c4                fifo_s_get
 .text.fifo_s_used
                0x080078f2        0x4 CMakeFiles/STM32_freeRTOS.elf.dir/Comunication/fifo.c.obj
                0x080078f2                fifo_s_used
 *fill*         0x080078f6        0x2 
 .text.get_CRC8_check_sum
                0x080078f8       0x20 CMakeFiles/STM32_freeRTOS.elf.dir/Comunication/CRC8_CRC16.c.obj
                0x080078f8                get_CRC8_check_sum
 .text.verify_CRC8_check_sum
                0x08007918       0x28 CMakeFiles/STM32_freeRTOS.elf.dir/Comunication/CRC8_CRC16.c.obj
                0x08007918                verify_CRC8_check_sum
 .text.append_CRC8_check_sum
                0x08007940       0x1a CMakeFiles/STM32_freeRTOS.elf.dir/Comunication/CRC8_CRC16.c.obj
                0x08007940                append_CRC8_check_sum
 *fill*         0x0800795a        0x2 
 .text.get_CRC16_check_sum
                0x0800795c       0x38 CMakeFiles/STM32_freeRTOS.elf.dir/Comunication/CRC8_CRC16.c.obj
                0x0800795c                get_CRC16_check_sum
 .text.verify_CRC16_check_sum
                0x08007994       0x48 CMakeFiles/STM32_freeRTOS.elf.dir/Comunication/CRC8_CRC16.c.obj
                0x08007994                verify_CRC16_check_sum
 .text.append_CRC16_check_sum
                0x080079dc       0x2c CMakeFiles/STM32_freeRTOS.elf.dir/Comunication/CRC8_CRC16.c.obj
                0x080079dc                append_CRC16_check_sum
 .text.__libc_init_array
                0x08007a08       0x48 e:/stm32cudemx_tool/gcc-arm-none-eabi-10.3-2021.10/bin/../lib/gcc/arm-none-eabi/10.3.1/../../../../arm-none-eabi/lib/thumb/v7e-m+fp/hard\libg.a(lib_a-init.o)
                0x08007a08                __libc_init_array
 .text.memset   0x08007a50       0xa4 e:/stm32cudemx_tool/gcc-arm-none-eabi-10.3-2021.10/bin/../lib/gcc/arm-none-eabi/10.3.1/../../../../arm-none-eabi/lib/thumb/v7e-m+fp/hard\libg.a(lib_a-memset.o)
                0x08007a50                memset
 .text.startup.register_fini
                0x08007af4       0x14 e:/stm32cudemx_tool/gcc-arm-none-eabi-10.3-2021.10/bin/../lib/gcc/arm-none-eabi/10.3.1/../../../../arm-none-eabi/lib/thumb/v7e-m+fp/hard\libg.a(lib_a-__call_atexit.o)
 .text.atexit   0x08007b08        0xc e:/stm32cudemx_tool/gcc-arm-none-eabi-10.3-2021.10/bin/../lib/gcc/arm-none-eabi/10.3.1/../../../../arm-none-eabi/lib/thumb/v7e-m+fp/hard\libg.a(lib_a-atexit.o)
                0x08007b08                atexit
 .text.__libc_fini_array
                0x08007b14       0x2c e:/stm32cudemx_tool/gcc-arm-none-eabi-10.3-2021.10/bin/../lib/gcc/arm-none-eabi/10.3.1/../../../../arm-none-eabi/lib/thumb/v7e-m+fp/hard\libg.a(lib_a-fini.o)
                0x08007b14                __libc_fini_array
 .text.__retarget_lock_acquire_recursive
                0x08007b40        0x4 e:/stm32cudemx_tool/gcc-arm-none-eabi-10.3-2021.10/bin/../lib/gcc/arm-none-eabi/10.3.1/../../../../arm-none-eabi/lib/thumb/v7e-m+fp/hard\libg.a(lib_a-lock.o)
                0x08007b40                __retarget_lock_acquire_recursive
 .text.__retarget_lock_release_recursive
                0x08007b44        0x4 e:/stm32cudemx_tool/gcc-arm-none-eabi-10.3-2021.10/bin/../lib/gcc/arm-none-eabi/10.3.1/../../../../arm-none-eabi/lib/thumb/v7e-m+fp/hard\libg.a(lib_a-lock.o)
                0x08007b44                __retarget_lock_release_recursive
 .text.__register_exitproc
                0x08007b48       0x8c e:/stm32cudemx_tool/gcc-arm-none-eabi-10.3-2021.10/bin/../lib/gcc/arm-none-eabi/10.3.1/../../../../arm-none-eabi/lib/thumb/v7e-m+fp/hard\libg.a(lib_a-__atexit.o)
                0x08007b48                __register_exitproc
 *(.glue_7)
 .glue_7        0x08007bd4        0x0 linker stubs
 *(.glue_7t)
 .glue_7t       0x08007bd4        0x0 linker stubs
 *(.eh_frame)
 .eh_frame      0x08007bd4        0x0 e:/stm32cudemx_tool/gcc-arm-none-eabi-10.3-2021.10/bin/../lib/gcc/arm-none-eabi/10.3.1/thumb/v7e-m+fp/hard/crtbegin.o
 *(.init)
 .init          0x08007bd4        0x4 e:/stm32cudemx_tool/gcc-arm-none-eabi-10.3-2021.10/bin/../lib/gcc/arm-none-eabi/10.3.1/thumb/v7e-m+fp/hard/crti.o
                0x08007bd4                _init
 .init          0x08007bd8        0x8 e:/stm32cudemx_tool/gcc-arm-none-eabi-10.3-2021.10/bin/../lib/gcc/arm-none-eabi/10.3.1/thumb/v7e-m+fp/hard/crtn.o
 *(.fini)
 .fini          0x08007be0        0x4 e:/stm32cudemx_tool/gcc-arm-none-eabi-10.3-2021.10/bin/../lib/gcc/arm-none-eabi/10.3.1/thumb/v7e-m+fp/hard/crti.o
                0x08007be0                _fini
 .fini          0x08007be4        0x8 e:/stm32cudemx_tool/gcc-arm-none-eabi-10.3-2021.10/bin/../lib/gcc/arm-none-eabi/10.3.1/thumb/v7e-m+fp/hard/crtn.o
                0x08007bec                . = ALIGN (0x4)
                0x08007bec                _etext = .

.vfp11_veneer   0x08007bec        0x0
 .vfp11_veneer  0x08007bec        0x0 linker stubs

.v4_bx          0x08007bec        0x0
 .v4_bx         0x08007bec        0x0 linker stubs

.iplt           0x08007bec        0x0
 .iplt          0x08007bec        0x0 e:/stm32cudemx_tool/gcc-arm-none-eabi-10.3-2021.10/bin/../lib/gcc/arm-none-eabi/10.3.1/thumb/v7e-m+fp/hard/crtbegin.o

.rodata         0x08007bec      0x438
                0x08007bec                . = ALIGN (0x4)
 *(.rodata)
 .rodata        0x08007bec       0x8c CMakeFiles/STM32_freeRTOS.elf.dir/Core/Src/freertos.c.obj
 *(.rodata*)
 .rodata.str1.4
                0x08007c78       0x37 CMakeFiles/STM32_freeRTOS.elf.dir/Core/Src/freertos.c.obj
 *fill*         0x08007caf        0x1 
 .rodata.AHBPrescTable
                0x08007cb0       0x10 CMakeFiles/STM32_freeRTOS.elf.dir/Core/Src/system_stm32f4xx.c.obj
                0x08007cb0                AHBPrescTable
 .rodata.APBPrescTable
                0x08007cc0        0x8 CMakeFiles/STM32_freeRTOS.elf.dir/Core/Src/system_stm32f4xx.c.obj
                0x08007cc0                APBPrescTable
 .rodata.flagBitshiftOffset.0
                0x08007cc8        0x8 CMakeFiles/STM32_freeRTOS.elf.dir/Drivers/STM32F4xx_HAL_Driver/Src/stm32f4xx_hal_dma.c.obj
 .rodata.vTaskStartScheduler.str1.4
                0x08007cd0        0x5 CMakeFiles/STM32_freeRTOS.elf.dir/Middlewares/Third_Party/FreeRTOS/Source/tasks.c.obj
 *fill*         0x08007cd5        0x3 
 .rodata.USBD_FS_ProductStrDescriptor.str1.4
                0x08007cd8       0x16 CMakeFiles/STM32_freeRTOS.elf.dir/USB_DEVICE/App/usbd_desc.c.obj
 *fill*         0x08007cee        0x2 
 .rodata.USBD_FS_ManufacturerStrDescriptor.str1.4
                0x08007cf0       0x13 CMakeFiles/STM32_freeRTOS.elf.dir/USB_DEVICE/App/usbd_desc.c.obj
 *fill*         0x08007d03        0x1 
 .rodata.USBD_FS_ConfigStrDescriptor.str1.4
                0x08007d04        0xb CMakeFiles/STM32_freeRTOS.elf.dir/USB_DEVICE/App/usbd_desc.c.obj
 *fill*         0x08007d0f        0x1 
 .rodata.USBD_FS_InterfaceStrDescriptor.str1.4
                0x08007d10        0xe CMakeFiles/STM32_freeRTOS.elf.dir/USB_DEVICE/App/usbd_desc.c.obj
 *fill*         0x08007d1e        0x2 
 .rodata.CRC8_table
                0x08007d20      0x100 CMakeFiles/STM32_freeRTOS.elf.dir/Comunication/CRC8_CRC16.c.obj
                0x08007d20                CRC8_table
 .rodata.wCRC_table
                0x08007e20      0x200 CMakeFiles/STM32_freeRTOS.elf.dir/Comunication/CRC8_CRC16.c.obj
                0x08007e20                wCRC_table
 .rodata._global_impure_ptr
                0x08008020        0x4 e:/stm32cudemx_tool/gcc-arm-none-eabi-10.3-2021.10/bin/../lib/gcc/arm-none-eabi/10.3.1/../../../../arm-none-eabi/lib/thumb/v7e-m+fp/hard\libg.a(lib_a-impure.o)
                0x08008020                _global_impure_ptr
                0x08008024                . = ALIGN (0x4)

.ARM.extab      0x08008024        0x0
                0x08008024                . = ALIGN (0x4)
 *(.ARM.extab* .gnu.linkonce.armextab.*)
                0x08008024                . = ALIGN (0x4)

.ARM            0x08008024        0x8
                0x08008024                . = ALIGN (0x4)
                0x08008024                __exidx_start = .
 *(.ARM.exidx*)
 .ARM.exidx     0x08008024        0x8 e:/stm32cudemx_tool/gcc-arm-none-eabi-10.3-2021.10/bin/../lib/gcc/arm-none-eabi/10.3.1/thumb/v7e-m+fp/hard\libgcc.a(_udivmoddi4.o)
                0x0800802c                __exidx_end = .
                0x0800802c                . = ALIGN (0x4)

.rel.dyn        0x0800802c        0x0
 .rel.iplt      0x0800802c        0x0 e:/stm32cudemx_tool/gcc-arm-none-eabi-10.3-2021.10/bin/../lib/gcc/arm-none-eabi/10.3.1/thumb/v7e-m+fp/hard/crtbegin.o

.preinit_array  0x0800802c        0x0
                0x0800802c                . = ALIGN (0x4)
                0x0800802c                PROVIDE (__preinit_array_start = .)
 *(.preinit_array*)
                0x0800802c                PROVIDE (__preinit_array_end = .)
                0x0800802c                . = ALIGN (0x4)

.init_array     0x0800802c        0x8
                0x0800802c                . = ALIGN (0x4)
                0x0800802c                PROVIDE (__init_array_start = .)
 *(SORT_BY_NAME(.init_array.*))
 .init_array.00000
                0x0800802c        0x4 e:/stm32cudemx_tool/gcc-arm-none-eabi-10.3-2021.10/bin/../lib/gcc/arm-none-eabi/10.3.1/../../../../arm-none-eabi/lib/thumb/v7e-m+fp/hard\libg.a(lib_a-__call_atexit.o)
 *(.init_array*)
 .init_array    0x08008030        0x4 e:/stm32cudemx_tool/gcc-arm-none-eabi-10.3-2021.10/bin/../lib/gcc/arm-none-eabi/10.3.1/thumb/v7e-m+fp/hard/crtbegin.o
                0x08008034                PROVIDE (__init_array_end = .)
                0x08008034                . = ALIGN (0x4)

.fini_array     0x08008034        0x4
                0x08008034                . = ALIGN (0x4)
                0x08008034                PROVIDE (__fini_array_start = .)
 *(SORT_BY_NAME(.fini_array.*))
 *(.fini_array*)
 .fini_array    0x08008034        0x4 e:/stm32cudemx_tool/gcc-arm-none-eabi-10.3-2021.10/bin/../lib/gcc/arm-none-eabi/10.3.1/thumb/v7e-m+fp/hard/crtbegin.o
                0x08008038                PROVIDE (__fini_array_end = .)
                0x08008038                . = ALIGN (0x4)
                0x08008038                _sidata = LOADADDR (.data)

.data           0x20000000      0x5b4 load address 0x08008038
                0x20000000                . = ALIGN (0x4)
                0x20000000                _sdata = .
 *(.data)
 *(.data*)
 .data.SystemCoreClock
                0x20000000        0x4 CMakeFiles/STM32_freeRTOS.elf.dir/Core/Src/system_stm32f4xx.c.obj
                0x20000000                SystemCoreClock
 .data.uwTickFreq
                0x20000004        0x1 CMakeFiles/STM32_freeRTOS.elf.dir/Drivers/STM32F4xx_HAL_Driver/Src/stm32f4xx_hal.c.obj
                0x20000004                uwTickFreq
 *fill*         0x20000005        0x3 
 .data.uwTickPrio
                0x20000008        0x4 CMakeFiles/STM32_freeRTOS.elf.dir/Drivers/STM32F4xx_HAL_Driver/Src/stm32f4xx_hal.c.obj
                0x20000008                uwTickPrio
 .data.USBD_CDC
                0x2000000c       0x38 CMakeFiles/STM32_freeRTOS.elf.dir/Middlewares/ST/STM32_USB_Device_Library/Class/CDC/Src/usbd_cdc.c.obj
                0x2000000c                USBD_CDC
 .data.USBD_CDC_CfgFSDesc
                0x20000044       0x43 CMakeFiles/STM32_freeRTOS.elf.dir/Middlewares/ST/STM32_USB_Device_Library/Class/CDC/Src/usbd_cdc.c.obj
 *fill*         0x20000087        0x1 
 .data.USBD_CDC_CfgHSDesc
                0x20000088       0x43 CMakeFiles/STM32_freeRTOS.elf.dir/Middlewares/ST/STM32_USB_Device_Library/Class/CDC/Src/usbd_cdc.c.obj
 *fill*         0x200000cb        0x1 
 .data.USBD_CDC_DeviceQualifierDesc
                0x200000cc        0xa CMakeFiles/STM32_freeRTOS.elf.dir/Middlewares/ST/STM32_USB_Device_Library/Class/CDC/Src/usbd_cdc.c.obj
 *fill*         0x200000d6        0x2 
 .data.USBD_CDC_OtherSpeedCfgDesc
                0x200000d8       0x43 CMakeFiles/STM32_freeRTOS.elf.dir/Middlewares/ST/STM32_USB_Device_Library/Class/CDC/Src/usbd_cdc.c.obj
 *fill*         0x2000011b        0x1 
 .data.uxCriticalNesting
                0x2000011c        0x4 CMakeFiles/STM32_freeRTOS.elf.dir/Middlewares/Third_Party/FreeRTOS/Source/portable/GCC/ARM_CM4F/port.c.obj
 .data.USBD_Interface_fops_FS
                0x20000120       0x14 CMakeFiles/STM32_freeRTOS.elf.dir/USB_DEVICE/App/usbd_cdc_if.c.obj
                0x20000120                USBD_Interface_fops_FS
 .data.FS_Desc  0x20000134       0x1c CMakeFiles/STM32_freeRTOS.elf.dir/USB_DEVICE/App/usbd_desc.c.obj
                0x20000134                FS_Desc
 .data.USBD_FS_DeviceDesc
                0x20000150       0x12 CMakeFiles/STM32_freeRTOS.elf.dir/USB_DEVICE/App/usbd_desc.c.obj
                0x20000150                USBD_FS_DeviceDesc
 *fill*         0x20000162        0x2 
 .data.USBD_LangIDDesc
                0x20000164        0x4 CMakeFiles/STM32_freeRTOS.elf.dir/USB_DEVICE/App/usbd_desc.c.obj
                0x20000164                USBD_LangIDDesc
 .data.USBD_StringSerial
                0x20000168       0x1a CMakeFiles/STM32_freeRTOS.elf.dir/USB_DEVICE/App/usbd_desc.c.obj
                0x20000168                USBD_StringSerial
 .data.CRC16_INIT
                0x20000182        0x2 CMakeFiles/STM32_freeRTOS.elf.dir/Comunication/CRC8_CRC16.c.obj
                0x20000182                CRC16_INIT
 *fill*         0x20000184        0x4 
 .data.impure_data
                0x20000188      0x428 e:/stm32cudemx_tool/gcc-arm-none-eabi-10.3-2021.10/bin/../lib/gcc/arm-none-eabi/10.3.1/../../../../arm-none-eabi/lib/thumb/v7e-m+fp/hard\libg.a(lib_a-impure.o)
 .data.__atexit_recursive_mutex
                0x200005b0        0x4 e:/stm32cudemx_tool/gcc-arm-none-eabi-10.3-2021.10/bin/../lib/gcc/arm-none-eabi/10.3.1/../../../../arm-none-eabi/lib/thumb/v7e-m+fp/hard\libg.a(lib_a-__call_atexit.o)
                0x200005b0                __atexit_recursive_mutex
 *(.RamFunc)
 *(.RamFunc*)
                0x200005b4                . = ALIGN (0x4)
                0x200005b4                _edata = .
                0x080085ec                _siccmram = LOADADDR (.ccmram)

.igot.plt       0x200005b4        0x0 load address 0x080085ec
 .igot.plt      0x200005b4        0x0 e:/stm32cudemx_tool/gcc-arm-none-eabi-10.3-2021.10/bin/../lib/gcc/arm-none-eabi/10.3.1/thumb/v7e-m+fp/hard/crtbegin.o

.ccmram         0x10000000        0x0 load address 0x080085ec
                0x10000000                . = ALIGN (0x4)
                0x10000000                _sccmram = .
 *(.ccmram)
 *(.ccmram*)
                0x10000000                . = ALIGN (0x4)
                0x10000000                _eccmram = .
                0x10000000                . = ALIGN (0x4)

.bss            0x200005b4     0x8508
                0x200005b4                _sbss = .